151.101.216.32 - - [01/Jun/2024:01:54:21 +0000] "GET /static/main.css HTTP/2.0" 200 34213 "https://google.com" "Mozilla/5.0 (iPhone; CPU iPhone OS 17_4_1 like Mac OS X) AppleWebKit/605.1.15 Mobile/15E148 Safari/604.1"
192.168.167.180 - - [01/Jun/2024:01:54:35 +0000] "OPTIONS /contact HTTP/2.0" 200 9419 "https://example.com" "curl/8.4.0"
192.168.26.98 - - [01/Jun/2024:01:54:42 +0000] "GET /settings HTTP/1.1" 200 32867 "-" "Mozilla/5.0 (iPhone; CPU iPhone OS 17_4_1 like Mac OS X) AppleWebKit/605.1.15 Mobile/15E148 Safari/604.1"
192.168.213.161 - - [01/Jun/2024:01:54:48 +0000] "POST /faq HTTP/2.0" 200 27203 "https://bing.com" "curl/8.4.0"
192.168.166.19 - - [01/Jun/2024:01:54:54 +0000] "DELETE /images/logo.png HTTP/2.0" 200 44693 "https://example.com" "python-requests/2.31.0"
192.168.51.184 - - [01/Jun/2024:01:55:04 +0000] "GET /checkout HTTP/1.1" 200 26386 "https://example.com" "python-requests/2.31.0"
192.168.102.227 - - [01/Jun/2024:01:55:09 +0000] "POST /services HTTP/1.1" 200 13559 "https://bing.com" "Mozilla/5.0 (Macintosh; Intel Mac OS X 10_15_7) AppleWebKit/605.1.15 (KHTML, like Gecko) Version/17.4 Safari/605.1.15"
192.168.235.165 - - [01/Jun/2024:01:55:23 +0000] "OPTIONS /contact HTTP/1.1" 403 3070 "https://example.com" "Mozilla/5.0 (X11; Linux x86_64; rv:125.0) Gecko/20100101 Firefox/125.0"
151.101.191.82 - - [01/Jun/2024:01:55:30 +0000] "POST /search?q=laptop HTTP/2.0" 400 3380 "https://example.com" "Mozilla/5.0 (X11; Linux x86_64; rv:125.0) Gecko/20100101 Firefox/125.0"
192.168.254.237 - - [01/Jun/2024:01:55:38 +0000] "POST /static/app.js HTTP/2.0" 200 10170 "https://example.com" "Mozilla/5.0 (Windows NT 10.0; Win64; x64) AppleWebKit/537.36 (KHTML, like Gecko) Chrome/124.0.0.0 Safari/537.36"
192.168.140.108 - - [01/Jun/2024:01:55:43 +0000] "GET /blog/post-1 HTTP/1.1" 200 48864 "-" "curl/8.4.0"
192.168.109.9 - - [01/Jun/2024:01:55:52 +0000] "POST /services HTTP/2.0" 304 334 "https://google.com" "Mozilla/5.0 (X11; Linux x86_64; rv:125.0) Gecko/20100101 Firefox/125.0"
192.168.64.191 - - [01/Jun/2024:01:56:01 +0000] "GET /about HTTP/2.0" 401 927 "https://bing.com" "python-requests/2.31.0"
192.168.176.84 - - [01/Jun/2024:01:56:08 +0000] "GET /api/v1/categories HTTP/2.0" 401 2314 "-" "curl/8.4.0"
192.168.189.27 - - [01/Jun/2024:01:56:16 +0000] "HEAD /contact HTTP/2.0" 200 56405 "https://example.com" "Mozilla/5.0 (iPhone; CPU iPhone OS 17_4_1 like Mac OS X) AppleWebKit/605.1.15 Mobile/15E148 Safari/604.1"
192.168.42.119 - - [01/Jun/2024:01:56:21 +0000] "GET /api/v1/categories HTTP/2.0" 404 772 "https://example.com" "Mozilla/5.0 (iPhone; CPU iPhone OS 17_4_1 like Mac OS X) AppleWebKit/605.1.15 Mobile/15E148 Safari/604.1"
192.168.151.72 - - [01/Jun/2024:01:56:31 +0000] "POST /images/logo.png HTTP/1.1" 304 502 "https://example.com" "Mozilla/5.0 (iPhone; CPU iPhone OS 17_4_1 like Mac OS X) AppleWebKit/605.1.15 Mobile/15E148 Safari/604.1"
192.168.242.146 - - [01/Jun/2024:01:56:43 +0000] "GET /index.html HTTP/2.0" 200 39246 "https://example.com" "Mozilla/5.0 (Android 14; Mobile; rv:125.0) Gecko/125.0 Firefox/125.0"
151.101.216.32 - - [01/Jun/2024:01:56:47 +0000] "POST /faq HTTP/2.0" 200 39208 "-" "Mozilla/5.0 (Macintosh; Intel Mac OS X 10_15_7) AppleWebKit/605.1.15 (KHTML, like Gecko) Version/17.4 Safari/605.1.15"
192.168.26.98 - - [01/Jun/2024:01:56:55 +0000] "PUT /search?q=laptop HTTP/1.1" 401 2660 "https://bing.com" "Mozilla/5.0 (iPhone; CPU iPhone OS 17_4_1 like Mac OS X) AppleWebKit/605.1.15 Mobile/15E148 Safari/604.1"
192.168.7.144 - - [01/Jun/2024:01:57:04 +0000] "GET /static/main.css HTTP/2.0" 200 43847 "https://google.com" "Mozilla/5.0 (Macintosh; Intel Mac OS X 10_15_7) AppleWebKit/605.1.15 (KHTML, like Gecko) Version/17.4 Safari/605.1.15"
192.168.207.12 - - [01/Jun/2024:01:57:14 +0000] "GET /about HTTP/1.1" 404 568 "https://bing.com" "Mozilla/5.0 (Macintosh; Intel Mac OS X 10_15_7) AppleWebKit/605.1.15 (KHTML, like Gecko) Version/17.4 Safari/605.1.15"
192.168.71.63 - - [01/Jun/2024:01:57:21 +0000] "GET /robots.txt HTTP/2.0" 304 431 "https://bing.com" "Mozilla/5.0 (Windows NT 10.0; Win64; x64) AppleWebKit/537.36 (KHTML, like Gecko) Chrome/124.0.0.0 Safari/537.36"
151.101.5.58 - - [01/Jun/2024:01:57:28 +0000] "GET /pricing HTTP/2.0" 304 330 "-" "curl/8.4.0"
192.168.143.57 - - [01/Jun/2024:01:57:33 +0000] "POST /blog HTTP/2.0" 200 53691 "https://bing.com" "Mozilla/5.0 (Macintosh; Intel Mac OS X 10_15_7) AppleWebKit/605.1.15 (KHTML, like Gecko) Version/17.4 Safari/605.1.15"
192.168.68.36 - - [01/Jun/2024:01:57:43 +0000] "GET /favicon.ico HTTP/1.1" 200 56042 "-" "curl/8.4.0"
192.168.81.103 - - [01/Jun/2024:01:57:50 +0000] "GET /index.html HTTP/2.0" 429 1746 "https://google.com" "Mozilla/5.0 (Android 14; Mobile; rv:125.0) Gecko/125.0 Firefox/125.0"
151.101.54.152 - - [01/Jun/2024:01:57:57 +0000] "POST /search?q=laptop HTTP/1.1" 304 279 "-" "Mozilla/5.0 (Android 14; Mobile; rv:125.0) Gecko/125.0 Firefox/125.0"
192.168.9.207 - - [01/Jun/2024:01:58:08 +0000] "GET /static/main.css HTTP/1.1" 301 309 "https://bing.com" "Mozilla/5.0 (iPhone; CPU iPhone OS 17_4_1 like Mac OS X) AppleWebKit/605.1.15 Mobile/15E148 Safari/604.1"
151.101.24.56 - - [01/Jun/2024:01:58:17 +0000] "GET /favicon.ico HTTP/2.0" 200 34287 "https://example.com" "python-requests/2.31.0"
151.101.191.82 - - [01/Jun/2024:01:58:25 +0000] "GET / HTTP/1.1" 304 218 "https://example.com" "Mozilla/5.0 (X11; Linux x86_64; rv:125.0) Gecko/20100101 Firefox/125.0"
151.101.204.185 - - [01/Jun/2024:01:58:33 +0000] "PUT /notifications HTTP/2.0" 500 3076 "-" "Mozilla/5.0 (Android 14; Mobile; rv:125.0) Gecko/125.0 Firefox/125.0"
192.168.87.27 - - [01/Jun/2024:01:58:39 +0000] "GET /blog/post-1 HTTP/1.1" 400 3235 "https://bing.com" "curl/8.4.0"
192.168.156.163 - - [01/Jun/2024:01:58:48 +0000] "GET /about HTTP/1.1" 403 1193 "https://bing.com" "python-requests/2.31.0"
192.168.207.41 - - [01/Jun/2024:01:58:55 +0000] "POST /blog/post-1 HTTP/2.0" 200 10339 "https://google.com" "Mozilla/5.0 (Windows NT 10.0; Win64; x64) AppleWebKit/537.36 (KHTML, like Gecko) Chrome/124.0.0.0 Safari/537.36"
192.168.187.118 - - [01/Jun/2024:01:59:07 +0000] "PUT /robots.txt HTTP/2.0" 304 446 "https://example.com" "python-requests/2.31.0"
192.168.189.27 - - [01/Jun/2024:01:59:10 +0000] "GET /products HTTP/1.1" 200 53172 "https://bing.com" "python-requests/2.31.0"
192.168.55.234 - - [01/Jun/2024:01:59:18 +0000] "POST /index.html HTTP/2.0" 401 326 "-" "Mozilla/5.0 (X11; Linux x86_64; rv:125.0) Gecko/20100101 Firefox/125.0"
192.168.118.37 - - [01/Jun/2024:01:59:27 +0000] "DELETE /favicon.ico HTTP/2.0" 301 92 "https://example.com" "curl/8.4.0"
151.101.222.80 - - [01/Jun/2024:01:59:39 +0000] "GET /contact HTTP/1.1" 200 54840 "https://bing.com" "Mozilla/5.0 (iPhone; CPU iPhone OS 17_4_1 like Mac OS X) AppleWebKit/605.1.15 Mobile/15E148 Safari/604.1"
192.168.130.155 - - [01/Jun/2024:01:59:42 +0000] "GET /notifications HTTP/2.0" 200 38806 "https://example.com" "curl/8.4.0"
151.101.54.152 - - [01/Jun/2024:01:59:54 +0000] "GET /favicon.ico HTTP/1.1" 200 11990 "https://google.com" "Mozilla/5.0 (X11; Linux x86_64; rv:125.0) Gecko/20100101 Firefox/125.0"
192.168.44.137 - - [01/Jun/2024:02:00:00 +0000] "GET /search?q=laptop HTTP/1.1" 200 25068 "-" "Mozilla/5.0 (X11; Linux x86_64; rv:125.0) Gecko/20100101 Firefox/125.0"
45.33.32.156 - - [01/Jun/2024:02:00:00 +0000] "POST /wp-login.php HTTP/1.1" 401 3527 "-" "Medusa v2.3"
45.33.32.156 - - [01/Jun/2024:02:00:00 +0000] "POST /wp-login.php HTTP/1.1" 401 1537 "-" "sqlmap/1.7.11#stable (https://sqlmap.org)"
45.33.32.156 - - [01/Jun/2024:02:00:00 +0000] "POST /admin/dashboard HTTP/1.1" 403 1477 "-" "python-requests/2.28.0"
104.236.179.97 - - [01/Jun/2024:02:00:00 +0000] "POST /wp-login.php HTTP/1.1" 401 2127 "-" "Medusa v2.3"
198.20.69.74 - - [01/Jun/2024:02:00:01 +0000] "POST /admin HTTP/1.1" 429 2014 "-" "sqlmap/1.7.11#stable (https://sqlmap.org)"
104.236.179.97 - - [01/Jun/2024:02:00:01 +0000] "POST /admin/login HTTP/1.1" 401 1430 "-" "sqlmap/1.7.11#stable (https://sqlmap.org)"
185.220.101.45 - - [01/Jun/2024:02:00:01 +0000] "POST /admin/login HTTP/1.1" 401 411 "-" "sqlmap/1.7.11#stable (https://sqlmap.org)"
45.33.32.156 - - [01/Jun/2024:02:00:02 +0000] "POST /administrator HTTP/1.1" 401 2625 "-" "Medusa v2.3"
198.20.69.74 - - [01/Jun/2024:02:00:02 +0000] "POST /admin/login HTTP/1.1" 401 4019 "-" "Hydra v9.5 (www.thc.org/thc-hydra)"
198.20.69.74 - - [01/Jun/2024:02:00:02 +0000] "POST /admin/dashboard HTTP/1.1" 401 2819 "-" "python-requests/2.28.0"
185.220.101.45 - - [01/Jun/2024:02:00:03 +0000] "POST /admin/login HTTP/1.1" 401 1057 "-" "Hydra v9.5 (www.thc.org/thc-hydra)"
185.220.101.45 - - [01/Jun/2024:02:00:03 +0000] "POST /wp-login.php HTTP/1.1" 401 367 "-" "-"
198.20.69.74 - - [01/Jun/2024:02:00:03 +0000] "POST /login HTTP/1.1" 403 3348 "-" "Hydra v9.5 (www.thc.org/thc-hydra)"
104.236.179.97 - - [01/Jun/2024:02:00:03 +0000] "POST /admin/login HTTP/1.1" 401 1650 "-" "python-requests/2.28.0"
198.20.69.74 - - [01/Jun/2024:02:00:04 +0000] "POST /wp-admin HTTP/1.1" 401 883 "-" "Hydra v9.5 (www.thc.org/thc-hydra)"
104.236.179.97 - - [01/Jun/2024:02:00:04 +0000] "POST /wp-admin HTTP/1.1" 429 1154 "-" "Hydra v9.5 (www.thc.org/thc-hydra)"
23.94.3.173 - - [01/Jun/2024:02:00:04 +0000] "POST /admin/dashboard HTTP/1.1" 401 2607 "-" "Medusa v2.3"
45.33.32.156 - - [01/Jun/2024:02:00:05 +0000] "POST /administrator HTTP/1.1" 403 819 "-" "Medusa v2.3"
198.20.69.74 - - [01/Jun/2024:02:00:05 +0000] "POST /admin/login HTTP/1.1" 401 2640 "-" "Hydra v9.5 (www.thc.org/thc-hydra)"
185.220.101.45 - - [01/Jun/2024:02:00:05 +0000] "POST /login HTTP/1.1" 401 936 "-" "Medusa v2.3"
45.33.32.156 - - [01/Jun/2024:02:00:06 +0000] "POST /administrator HTTP/1.1" 401 3209 "-" "-"
185.220.101.45 - - [01/Jun/2024:02:00:06 +0000] "POST /administrator HTTP/1.1" 403 3700 "-" "python-requests/2.28.0"
45.33.32.156 - - [01/Jun/2024:02:00:06 +0000] "POST /admin/dashboard HTTP/1.1" 403 2578 "-" "python-requests/2.28.0"
104.236.179.97 - - [01/Jun/2024:02:00:06 +0000] "POST /administrator HTTP/1.1" 403 3538 "-" "python-requests/2.28.0"
23.94.3.173 - - [01/Jun/2024:02:00:07 +0000] "POST /wp-login.php HTTP/1.1" 401 3387 "-" "-"
185.220.101.45 - - [01/Jun/2024:02:00:07 +0000] "POST /login HTTP/1.1" 403 3369 "-" "-"
104.236.179.97 - - [01/Jun/2024:02:00:07 +0000] "POST /user/login HTTP/1.1" 401 1225 "-" "Medusa v2.3"
192.168.69.17 - - [01/Jun/2024:02:00:08 +0000] "GET /blog/post-1 HTTP/2.0" 404 3937 "https://google.com" "Mozilla/5.0 (X11; Linux x86_64; rv:125.0) Gecko/20100101 Firefox/125.0"
185.220.101.45 - - [01/Jun/2024:02:00:08 +0000] "POST /admin/dashboard HTTP/1.1" 401 1876 "-" "python-requests/2.28.0"
23.94.3.173 - - [01/Jun/2024:02:00:08 +0000] "POST /wp-login.php HTTP/1.1" 401 1773 "-" "sqlmap/1.7.11#stable (https://sqlmap.org)"
23.94.3.173 - - [01/Jun/2024:02:00:08 +0000] "POST /login HTTP/1.1" 200 57301 "-" "python-requests/2.28.0"
185.220.101.45 - - [01/Jun/2024:02:00:09 +0000] "POST /wp-login.php HTTP/1.1" 403 3819 "-" "sqlmap/1.7.11#stable (https://sqlmap.org)"
45.33.32.156 - - [01/Jun/2024:02:00:09 +0000] "POST /wp-admin HTTP/1.1" 403 1167 "-" "python-requests/2.28.0"
45.33.32.156 - - [01/Jun/2024:02:00:09 +0000] "POST /user/login HTTP/1.1" 403 1815 "-" "python-requests/2.28.0"
104.236.179.97 - - [01/Jun/2024:02:00:09 +0000] "POST /administrator HTTP/1.1" 401 3081 "-" "-"
23.94.3.173 - - [01/Jun/2024:02:00:10 +0000] "POST /admin HTTP/1.1" 401 2812 "-" "Medusa v2.3"
104.236.179.97 - - [01/Jun/2024:02:00:10 +0000] "POST /admin/login HTTP/1.1" 401 2943 "-" "Hydra v9.5 (www.thc.org/thc-hydra)"
104.236.179.97 - - [01/Jun/2024:02:00:10 +0000] "POST /admin/dashboard HTTP/1.1" 401 1442 "-" "sqlmap/1.7.11#stable (https://sqlmap.org)"
104.236.179.97 - - [01/Jun/2024:02:00:11 +0000] "POST /login HTTP/1.1" 403 3301 "-" "python-requests/2.28.0"
23.94.3.173 - - [01/Jun/2024:02:00:11 +0000] "POST /wp-admin HTTP/1.1" 401 1373 "-" "sqlmap/1.7.11#stable (https://sqlmap.org)"
198.20.69.74 - - [01/Jun/2024:02:00:11 +0000] "POST /wp-login.php HTTP/1.1" 429 3357 "-" "-"
23.94.3.173 - - [01/Jun/2024:02:00:12 +0000] "POST /admin/login HTTP/1.1" 429 3383 "-" "python-requests/2.28.0"
45.33.32.156 - - [01/Jun/2024:02:00:12 +0000] "POST /login HTTP/1.1" 403 1453 "-" "sqlmap/1.7.11#stable (https://sqlmap.org)"
198.20.69.74 - - [01/Jun/2024:02:00:12 +0000] "POST /user/login HTTP/1.1" 401 806 "-" "python-requests/2.28.0"
104.236.179.97 - - [01/Jun/2024:02:00:12 +0000] "POST /admin HTTP/1.1" 403 3215 "-" "Hydra v9.5 (www.thc.org/thc-hydra)"
185.220.101.45 - - [01/Jun/2024:02:00:13 +0000] "POST /wp-admin HTTP/1.1" 403 1767 "-" "-"
45.33.32.156 - - [01/Jun/2024:02:00:13 +0000] "POST /wp-admin HTTP/1.1" 401 1536 "-" "Hydra v9.5 (www.thc.org/thc-hydra)"
45.33.32.156 - - [01/Jun/2024:02:00:13 +0000] "POST /admin HTTP/1.1" 401 425 "-" "Hydra v9.5 (www.thc.org/thc-hydra)"
23.94.3.173 - - [01/Jun/2024:02:00:14 +0000] "POST /admin/dashboard HTTP/1.1" 403 444 "-" "-"
198.20.69.74 - - [01/Jun/2024:02:00:14 +0000] "POST /wp-login.php HTTP/1.1" 403 2163 "-" "Medusa v2.3"
198.20.69.74 - - [01/Jun/2024:02:00:14 +0000] "POST /user/login HTTP/1.1" 401 2247 "-" "python-requests/2.28.0"
23.94.3.173 - - [01/Jun/2024:02:00:15 +0000] "POST /wp-admin HTTP/1.1" 401 1799 "-" "Hydra v9.5 (www.thc.org/thc-hydra)"
45.33.32.156 - - [01/Jun/2024:02:00:15 +0000] "POST /admin/dashboard HTTP/1.1" 401 1345 "-" "Medusa v2.3"
198.20.69.74 - - [01/Jun/2024:02:00:15 +0000] "POST /wp-login.php HTTP/1.1" 401 3298 "-" "-"
23.94.3.173 - - [01/Jun/2024:02:00:15 +0000] "POST /wp-admin HTTP/1.1" 401 2300 "-" "sqlmap/1.7.11#stable (https://sqlmap.org)"
198.20.69.74 - - [01/Jun/2024:02:00:16 +0000] "POST /administrator HTTP/1.1" 401 1827 "-" "sqlmap/1.7.11#stable (https://sqlmap.org)"
23.94.3.173 - - [01/Jun/2024:02:00:16 +0000] "POST /login HTTP/1.1" 401 1000 "-" "sqlmap/1.7.11#stable (https://sqlmap.org)"
23.94.3.173 - - [01/Jun/2024:02:00:16 +0000] "POST /administrator HTTP/1.1" 401 3729 "-" "python-requests/2.28.0"
198.20.69.74 - - [01/Jun/2024:02:00:17 +0000] "POST /admin/login HTTP/1.1" 401 3963 "-" "python-requests/2.28.0"
23.94.3.173 - - [01/Jun/2024:02:00:17 +0000] "POST /login HTTP/1.1" 401 3793 "-" "-"
185.220.101.45 - - [01/Jun/2024:02:00:17 +0000] "POST /user/login HTTP/1.1" 401 2130 "-" "Medusa v2.3"
192.168.254.237 - - [01/Jun/2024:02:00:18 +0000] "GET /faq HTTP/1.1" 304 35 "-" "python-requests/2.31.0"
185.220.101.45 - - [01/Jun/2024:02:00:18 +0000] "POST /wp-login.php HTTP/1.1" 403 3954 "-" "Medusa v2.3"
185.220.101.45 - - [01/Jun/2024:02:00:18 +0000] "POST /admin/login HTTP/1.1" 401 3575 "-" "Hydra v9.5 (www.thc.org/thc-hydra)"
23.94.3.173 - - [01/Jun/2024:02:00:18 +0000] "POST /wp-login.php HTTP/1.1" 200 57476 "-" "sqlmap/1.7.11#stable (https://sqlmap.org)"
198.20.69.74 - - [01/Jun/2024:02:00:18 +0000] "POST /user/login HTTP/1.1" 401 2046 "-" "Medusa v2.3"
45.33.32.156 - - [01/Jun/2024:02:00:19 +0000] "POST /admin/login HTTP/1.1" 401 3649 "-" "python-requests/2.28.0"
23.94.3.173 - - [01/Jun/2024:02:00:19 +0000] "POST /admin HTTP/1.1" 401 1923 "-" "Medusa v2.3"
198.20.69.74 - - [01/Jun/2024:02:00:19 +0000] "POST /admin HTTP/1.1" 401 2029 "-" "Hydra v9.5 (www.thc.org/thc-hydra)"
198.20.69.74 - - [01/Jun/2024:02:00:20 +0000] "POST /login HTTP/1.1" 403 2735 "-" "sqlmap/1.7.11#stable (https://sqlmap.org)"
185.220.101.45 - - [01/Jun/2024:02:00:20 +0000] "POST /login HTTP/1.1" 403 1626 "-" "python-requests/2.28.0"
104.236.179.97 - - [01/Jun/2024:02:00:20 +0000] "POST /admin/login HTTP/1.1" 401 1289 "-" "Medusa v2.3"
104.236.179.97 - - [01/Jun/2024:02:00:21 +0000] "POST /administrator HTTP/1.1" 403 1831 "-" "Medusa v2.3"
198.20.69.74 - - [01/Jun/2024:02:00:21 +0000] "POST /admin/login HTTP/1.1" 429 3642 "-" "Hydra v9.5 (www.thc.org/thc-hydra)"
23.94.3.173 - - [01/Jun/2024:02:00:21 +0000] "POST /login HTTP/1.1" 403 3849 "-" "sqlmap/1.7.11#stable (https://sqlmap.org)"
45.33.32.156 - - [01/Jun/2024:02:00:21 +0000] "POST /login HTTP/1.1" 200 37908 "-" "sqlmap/1.7.11#stable (https://sqlmap.org)"
151.101.78.81 - - [01/Jun/2024:02:00:22 +0000] "GET /static/app.js HTTP/2.0" 304 371 "-" "Mozilla/5.0 (Android 14; Mobile; rv:125.0) Gecko/125.0 Firefox/125.0"
45.33.32.156 - - [01/Jun/2024:02:00:22 +0000] "POST /wp-admin HTTP/1.1" 403 2495 "-" "Medusa v2.3"
23.94.3.173 - - [01/Jun/2024:02:00:22 +0000] "POST /admin/dashboard HTTP/1.1" 403 429 "-" "sqlmap/1.7.11#stable (https://sqlmap.org)"
185.220.101.45 - - [01/Jun/2024:02:00:22 +0000] "POST /administrator HTTP/1.1" 401 3167 "-" "python-requests/2.28.0"
104.236.179.97 - - [01/Jun/2024:02:00:23 +0000] "POST /admin HTTP/1.1" 401 1355 "-" "python-requests/2.28.0"
23.94.3.173 - - [01/Jun/2024:02:00:23 +0000] "POST /admin HTTP/1.1" 401 3229 "-" "python-requests/2.28.0"
185.220.101.45 - - [01/Jun/2024:02:00:23 +0000] "POST /login HTTP/1.1" 401 1990 "-" "-"
23.94.3.173 - - [01/Jun/2024:02:00:24 +0000] "POST /admin/dashboard HTTP/1.1" 401 703 "-" "-"
45.33.32.156 - - [01/Jun/2024:02:00:24 +0000] "POST /admin/login HTTP/1.1" 401 1505 "-" "-"
185.220.101.45 - - [01/Jun/2024:02:00:24 +0000] "POST /admin HTTP/1.1" 401 772 "-" "Hydra v9.5 (www.thc.org/thc-hydra)"
198.20.69.74 - - [01/Jun/2024:02:00:24 +0000] "POST /admin/login HTTP/1.1" 401 861 "-" "python-requests/2.28.0"
23.94.3.173 - - [01/Jun/2024:02:00:25 +0000] "POST /login HTTP/1.1" 401 3533 "-" "python-requests/2.28.0"
198.20.69.74 - - [01/Jun/2024:02:00:25 +0000] "POST /admin/dashboard HTTP/1.1" 401 737 "-" "sqlmap/1.7.11#stable (https://sqlmap.org)"
104.236.179.97 - - [01/Jun/2024:02:00:25 +0000] "POST /admin HTTP/1.1" 401 461 "-" "-"
23.94.3.173 - - [01/Jun/2024:02:00:26 +0000] "POST /wp-login.php HTTP/1.1" 401 1947 "-" "Hydra v9.5 (www.thc.org/thc-hydra)"
198.20.69.74 - - [01/Jun/2024:02:00:26 +0000] "POST /admin HTTP/1.1" 401 3103 "-" "-"
104.236.179.97 - - [01/Jun/2024:02:00:26 +0000] "POST /user/login HTTP/1.1" 401 1338 "-" "Hydra v9.5 (www.thc.org/thc-hydra)"
45.33.32.156 - - [01/Jun/2024:02:00:27 +0000] "POST /wp-login.php HTTP/1.1" 401 168 "-" "Hydra v9.5 (www.thc.org/thc-hydra)"
198.20.69.74 - - [01/Jun/2024:02:00:27 +0000] "POST /user/login HTTP/1.1" 403 3533 "-" "Medusa v2.3"
45.33.32.156 - - [01/Jun/2024:02:00:27 +0000] "POST /admin/dashboard HTTP/1.1" 401 3891 "-" "python-requests/2.28.0"
23.94.3.173 - - [01/Jun/2024:02:00:27 +0000] "POST /wp-admin HTTP/1.1" 401 933 "-" "Medusa v2.3"
45.33.32.156 - - [01/Jun/2024:02:00:28 +0000] "POST /wp-admin HTTP/1.1" 401 1555 "-" "-"
104.236.179.97 - - [01/Jun/2024:02:00:28 +0000] "POST /admin/dashboard HTTP/1.1" 403 2289 "-" "sqlmap/1.7.11#stable (https://sqlmap.org)"
104.236.179.97 - - [01/Jun/2024:02:00:28 +0000] "POST /administrator HTTP/1.1" 403 2941 "-" "sqlmap/1.7.11#stable (https://sqlmap.org)"
23.94.3.173 - - [01/Jun/2024:02:00:29 +0000] "POST /administrator HTTP/1.1" 401 2650 "-" "-"
45.33.32.156 - - [01/Jun/2024:02:00:29 +0000] "POST /wp-login.php HTTP/1.1" 403 2874 "-" "sqlmap/1.7.11#stable (https://sqlmap.org)"
198.20.69.74 - - [01/Jun/2024:02:00:29 +0000] "POST /admin/dashboard HTTP/1.1" 401 3408 "-" "-"
45.33.32.156 - - [01/Jun/2024:02:00:30 +0000] "POST /administrator HTTP/1.1" 403 828 "-" "Hydra v9.5 (www.thc.org/thc-hydra)"
185.220.101.45 - - [01/Jun/2024:02:00:30 +0000] "POST /admin HTTP/1.1" 401 1374 "-" "-"
185.220.101.45 - - [01/Jun/2024:02:00:30 +0000] "POST /login HTTP/1.1" 403 903 "-" "-"
45.33.32.156 - - [01/Jun/2024:02:00:30 +0000] "POST /admin/dashboard HTTP/1.1" 401 620 "-" "-"
198.20.69.74 - - [01/Jun/2024:02:00:31 +0000] "POST /admin/login HTTP/1.1" 401 2591 "-" "Medusa v2.3"
185.220.101.45 - - [01/Jun/2024:02:00:31 +0000] "POST /wp-admin HTTP/1.1" 429 3569 "-" "sqlmap/1.7.11#stable (https://sqlmap.org)"
185.220.101.45 - - [01/Jun/2024:02:00:31 +0000] "POST /admin HTTP/1.1" 401 2209 "-" "Medusa v2.3"
198.20.69.74 - - [01/Jun/2024:02:00:32 +0000] "POST /wp-admin HTTP/1.1" 401 456 "-" "Medusa v2.3"
23.94.3.173 - - [01/Jun/2024:02:00:32 +0000] "POST /wp-admin HTTP/1.1" 401 3715 "-" "Medusa v2.3"
104.236.179.97 - - [01/Jun/2024:02:00:32 +0000] "POST /login HTTP/1.1" 429 1413 "-" "Hydra v9.5 (www.thc.org/thc-hydra)"
45.33.32.156 - - [01/Jun/2024:02:00:33 +0000] "POST /wp-login.php HTTP/1.1" 401 1942 "-" "python-requests/2.28.0"
185.220.101.45 - - [01/Jun/2024:02:00:33 +0000] "POST /admin HTTP/1.1" 429 2625 "-" "python-requests/2.28.0"
104.236.179.97 - - [01/Jun/2024:02:00:33 +0000] "POST /wp-login.php HTTP/1.1" 403 1381 "-" "Medusa v2.3"
23.94.3.173 - - [01/Jun/2024:02:00:33 +0000] "POST /admin/dashboard HTTP/1.1" 401 3377 "-" "Medusa v2.3"
104.236.179.97 - - [01/Jun/2024:02:00:34 +0000] "POST /wp-login.php HTTP/1.1" 401 2387 "-" "Hydra v9.5 (www.thc.org/thc-hydra)"
185.220.101.45 - - [01/Jun/2024:02:00:34 +0000] "POST /admin/login HTTP/1.1" 401 2614 "-" "-"
104.236.179.97 - - [01/Jun/2024:02:00:34 +0000] "POST /login HTTP/1.1" 401 2903 "-" "sqlmap/1.7.11#stable (https://sqlmap.org)"
192.168.207.12 - - [01/Jun/2024:02:00:35 +0000] "GET / HTTP/2.0" 404 3859 "https://bing.com" "Mozilla/5.0 (X11; Linux x86_64; rv:125.0) Gecko/20100101 Firefox/125.0"
185.220.101.45 - - [01/Jun/2024:02:00:35 +0000] "POST /admin HTTP/1.1" 401 4080 "-" "sqlmap/1.7.11#stable (https://sqlmap.org)"
23.94.3.173 - - [01/Jun/2024:02:00:35 +0000] "POST /admin/dashboard HTTP/1.1" 403 482 "-" "sqlmap/1.7.11#stable (https://sqlmap.org)"
45.33.32.156 - - [01/Jun/2024:02:00:35 +0000] "POST /admin/login HTTP/1.1" 401 1124 "-" "Hydra v9.5 (www.thc.org/thc-hydra)"
45.33.32.156 - - [01/Jun/2024:02:00:36 +0000] "POST /admin/login HTTP/1.1" 401 2162 "-" "Hydra v9.5 (www.thc.org/thc-hydra)"
198.20.69.74 - - [01/Jun/2024:02:00:36 +0000] "POST /user/login HTTP/1.1" 401 2713 "-" "python-requests/2.28.0"
198.20.69.74 - - [01/Jun/2024:02:00:36 +0000] "POST /admin/dashboard HTTP/1.1" 403 2428 "-" "python-requests/2.28.0"
198.20.69.74 - - [01/Jun/2024:02:00:36 +0000] "POST /wp-admin HTTP/1.1" 403 2133 "-" "-"
45.33.32.156 - - [01/Jun/2024:02:00:37 +0000] "POST /login HTTP/1.1" 401 1043 "-" "Hydra v9.5 (www.thc.org/thc-hydra)"
104.236.179.97 - - [01/Jun/2024:02:00:37 +0000] "POST /admin/login HTTP/1.1" 401 1967 "-" "sqlmap/1.7.11#stable (https://sqlmap.org)"
198.20.69.74 - - [01/Jun/2024:02:00:37 +0000] "POST /login HTTP/1.1" 401 2743 "-" "python-requests/2.28.0"
104.236.179.97 - - [01/Jun/2024:02:00:38 +0000] "POST /user/login HTTP/1.1" 403 1140 "-" "Hydra v9.5 (www.thc.org/thc-hydra)"
185.220.101.45 - - [01/Jun/2024:02:00:38 +0000] "POST /admin HTTP/1.1" 401 1532 "-" "sqlmap/1.7.11#stable (https://sqlmap.org)"
104.236.179.97 - - [01/Jun/2024:02:00:38 +0000] "POST /login HTTP/1.1" 401 2196 "-" "sqlmap/1.7.11#stable (https://sqlmap.org)"
198.20.69.74 - - [01/Jun/2024:02:00:39 +0000] "POST /admin/dashboard HTTP/1.1" 401 1656 "-" "sqlmap/1.7.11#stable (https://sqlmap.org)"
104.236.179.97 - - [01/Jun/2024:02:00:39 +0000] "POST /admin/login HTTP/1.1" 403 3506 "-" "Hydra v9.5 (www.thc.org/thc-hydra)"
104.236.179.97 - - [01/Jun/2024:02:00:39 +0000] "POST /administrator HTTP/1.1" 403 3730 "-" "python-requests/2.28.0"
104.236.179.97 - - [01/Jun/2024:02:00:39 +0000] "POST /admin/dashboard HTTP/1.1" 403 2586 "-" "Medusa v2.3"
45.33.32.156 - - [01/Jun/2024:02:00:40 +0000] "POST /login HTTP/1.1" 401 441 "-" "-"
185.220.101.45 - - [01/Jun/2024:02:00:40 +0000] "POST /admin/dashboard HTTP/1.1" 401 2917 "-" "Medusa v2.3"
198.20.69.74 - - [01/Jun/2024:02:00:40 +0000] "POST /admin/dashboard HTTP/1.1" 401 3544 "-" "Medusa v2.3"
23.94.3.173 - - [01/Jun/2024:02:00:41 +0000] "POST /wp-admin HTTP/1.1" 401 2115 "-" "-"
185.220.101.45 - - [01/Jun/2024:02:00:41 +0000] "POST /user/login HTTP/1.1" 403 1660 "-" "Medusa v2.3"
23.94.3.173 - - [01/Jun/2024:02:00:41 +0000] "POST /wp-admin HTTP/1.1" 401 1694 "-" "sqlmap/1.7.11#stable (https://sqlmap.org)"
23.94.3.173 - - [01/Jun/2024:02:00:42 +0000] "POST /admin/login HTTP/1.1" 403 194 "-" "sqlmap/1.7.11#stable (https://sqlmap.org)"
45.33.32.156 - - [01/Jun/2024:02:00:42 +0000] "POST /wp-admin HTTP/1.1" 401 137 "-" "Medusa v2.3"
23.94.3.173 - - [01/Jun/2024:02:00:42 +0000] "POST /wp-login.php HTTP/1.1" 403 1931 "-" "sqlmap/1.7.11#stable (https://sqlmap.org)"
185.220.101.45 - - [01/Jun/2024:02:00:42 +0000] "POST /wp-admin HTTP/1.1" 401 949 "-" "Medusa v2.3"
192.168.130.155 - - [01/Jun/2024:02:00:43 +0000] "POST /faq HTTP/1.1" 404 756 "https://example.com" "python-requests/2.31.0"
45.33.32.156 - - [01/Jun/2024:02:00:43 +0000] "POST /wp-login.php HTTP/1.1" 200 34659 "-" "-"
104.236.179.97 - - [01/Jun/2024:02:00:43 +0000] "POST /admin/login HTTP/1.1" 429 2432 "-" "Medusa v2.3"
104.236.179.97 - - [01/Jun/2024:02:00:43 +0000] "POST /admin HTTP/1.1" 401 3413 "-" "-"
45.33.32.156 - - [01/Jun/2024:02:00:44 +0000] "POST /wp-admin HTTP/1.1" 401 624 "-" "-"
198.20.69.74 - - [01/Jun/2024:02:00:44 +0000] "POST /admin HTTP/1.1" 429 1774 "-" "python-requests/2.28.0"
198.20.69.74 - - [01/Jun/2024:02:00:44 +0000] "POST /administrator HTTP/1.1" 403 616 "-" "python-requests/2.28.0"
23.94.3.173 - - [01/Jun/2024:02:00:45 +0000] "POST /wp-login.php HTTP/1.1" 200 50262 "-" "-"
23.94.3.173 - - [01/Jun/2024:02:00:45 +0000] "POST /admin/dashboard HTTP/1.1" 403 1458 "-" "python-requests/2.28.0"
198.20.69.74 - - [01/Jun/2024:02:00:45 +0000] "POST /admin/login HTTP/1.1" 401 2817 "-" "-"
198.20.69.74 - - [01/Jun/2024:02:00:45 +0000] "POST /admin/login HTTP/1.1" 401 774 "-" "-"
45.33.32.156 - - [01/Jun/2024:02:00:46 +0000] "POST /admin HTTP/1.1" 401 731 "-" "Hydra v9.5 (www.thc.org/thc-hydra)"
104.236.179.97 - - [01/Jun/2024:02:00:46 +0000] "POST /admin/dashboard HTTP/1.1" 429 2206 "-" "Medusa v2.3"
23.94.3.173 - - [01/Jun/2024:02:00:46 +0000] "POST /wp-login.php HTTP/1.1" 403 3507 "-" "python-requests/2.28.0"
23.94.3.173 - - [01/Jun/2024:02:00:47 +0000] "POST /user/login HTTP/1.1" 401 2601 "-" "python-requests/2.28.0"
104.236.179.97 - - [01/Jun/2024:02:00:47 +0000] "POST /wp-admin HTTP/1.1" 401 1201 "-" "Medusa v2.3"
185.220.101.45 - - [01/Jun/2024:02:00:47 +0000] "POST /user/login HTTP/1.1" 401 425 "-" "Hydra v9.5 (www.thc.org/thc-hydra)"
104.236.179.97 - - [01/Jun/2024:02:00:48 +0000] "POST /admin HTTP/1.1" 429 1420 "-" "Medusa v2.3"
104.236.179.97 - - [01/Jun/2024:02:00:48 +0000] "POST /admin/login HTTP/1.1" 429 2967 "-" "-"
23.94.3.173 - - [01/Jun/2024:02:00:48 +0000] "POST /user/login HTTP/1.1" 429 456 "-" "sqlmap/1.7.11#stable (https://sqlmap.org)"
104.236.179.97 - - [01/Jun/2024:02:00:48 +0000] "POST /admin/dashboard HTTP/1.1" 403 3903 "-" "Hydra v9.5 (www.thc.org/thc-hydra)"
23.94.3.173 - - [01/Jun/2024:02:00:49 +0000] "POST /admin HTTP/1.1" 403 2770 "-" "sqlmap/1.7.11#stable (https://sqlmap.org)"
185.220.101.45 - - [01/Jun/2024:02:00:49 +0000] "POST /admin/dashboard HTTP/1.1" 401 1017 "-" "Medusa v2.3"
185.220.101.45 - - [01/Jun/2024:02:00:49 +0000] "POST /administrator HTTP/1.1" 401 1567 "-" "python-requests/2.28.0"
104.236.179.97 - - [01/Jun/2024:02:00:50 +0000] "POST /admin/dashboard HTTP/1.1" 401 2552 "-" "python-requests/2.28.0"
198.20.69.74 - - [01/Jun/2024:02:00:50 +0000] "POST /login HTTP/1.1" 429 304 "-" "-"
198.20.69.74 - - [01/Jun/2024:02:00:50 +0000] "POST /admin/login HTTP/1.1" 401 551 "-" "python-requests/2.28.0"
192.168.181.18 - - [01/Jun/2024:02:00:51 +0000] "POST /favicon.ico HTTP/1.1" 200 5761 "https://example.com" "Mozilla/5.0 (iPhone; CPU iPhone OS 17_4_1 like Mac OS X) AppleWebKit/605.1.15 Mobile/15E148 Safari/604.1"
198.20.69.74 - - [01/Jun/2024:02:00:51 +0000] "POST /admin HTTP/1.1" 403 1440 "-" "-"
23.94.3.173 - - [01/Jun/2024:02:00:51 +0000] "POST /admin/login HTTP/1.1" 401 1250 "-" "Hydra v9.5 (www.thc.org/thc-hydra)"
198.20.69.74 - - [01/Jun/2024:02:00:51 +0000] "POST /wp-admin HTTP/1.1" 401 2814 "-" "-"
198.20.69.74 - - [01/Jun/2024:02:00:51 +0000] "POST /admin/dashboard HTTP/1.1" 401 2425 "-" "-"
104.236.179.97 - - [01/Jun/2024:02:00:52 +0000] "POST /login HTTP/1.1" 429 3395 "-" "-"
45.33.32.156 - - [01/Jun/2024:02:00:52 +0000] "POST /wp-admin HTTP/1.1" 401 1328 "-" "-"
45.33.32.156 - - [01/Jun/2024:02:00:52 +0000] "POST /administrator HTTP/1.1" 200 29258 "-" "Hydra v9.5 (www.thc.org/thc-hydra)"
104.236.179.97 - - [01/Jun/2024:02:00:53 +0000] "POST /admin/dashboard HTTP/1.1" 401 3159 "-" "python-requests/2.28.0"
45.33.32.156 - - [01/Jun/2024:02:00:53 +0000] "POST /administrator HTTP/1.1" 401 1807 "-" "sqlmap/1.7.11#stable (https://sqlmap.org)"
104.236.179.97 - - [01/Jun/2024:02:00:53 +0000] "POST /admin/login HTTP/1.1" 429 267 "-" "-"
23.94.3.173 - - [01/Jun/2024:02:00:54 +0000] "POST /wp-login.php HTTP/1.1" 429 3477 "-" "python-requests/2.28.0"
198.20.69.74 - - [01/Jun/2024:02:00:54 +0000] "POST /login HTTP/1.1" 403 3169 "-" "Hydra v9.5 (www.thc.org/thc-hydra)"
23.94.3.173 - - [01/Jun/2024:02:00:54 +0000] "POST /wp-login.php HTTP/1.1" 403 357 "-" "sqlmap/1.7.11#stable (https://sqlmap.org)"
185.220.101.45 - - [01/Jun/2024:02:00:54 +0000] "POST /administrator HTTP/1.1" 401 3126 "-" "Hydra v9.5 (www.thc.org/thc-hydra)"
185.220.101.45 - - [01/Jun/2024:02:00:55 +0000] "POST /login HTTP/1.1" 401 450 "-" "Medusa v2.3"
104.236.179.97 - - [01/Jun/2024:02:00:55 +0000] "POST /wp-admin HTTP/1.1" 401 3626 "-" "sqlmap/1.7.11#stable (https://sqlmap.org)"
23.94.3.173 - - [01/Jun/2024:02:00:55 +0000] "POST /administrator HTTP/1.1" 401 465 "-" "Hydra v9.5 (www.thc.org/thc-hydra)"
151.101.134.91 - - [01/Jun/2024:02:00:56 +0000] "HEAD /pricing HTTP/2.0" 404 3459 "-" "curl/8.4.0"
23.94.3.173 - - [01/Jun/2024:02:00:56 +0000] "POST /wp-login.php HTTP/1.1" 401 2587 "-" "Medusa v2.3"
23.94.3.173 - - [01/Jun/2024:02:00:56 +0000] "POST /wp-login.php HTTP/1.1" 401 1719 "-" "sqlmap/1.7.11#stable (https://sqlmap.org)"
23.94.3.173 - - [01/Jun/2024:02:00:56 +0000] "POST /login HTTP/1.1" 403 3500 "-" "Medusa v2.3"
45.33.32.156 - - [01/Jun/2024:02:00:57 +0000] "POST /admin HTTP/1.1" 403 364 "-" "python-requests/2.28.0"
23.94.3.173 - - [01/Jun/2024:02:00:57 +0000] "POST /admin HTTP/1.1" 401 2875 "-" "Medusa v2.3"
104.236.179.97 - - [01/Jun/2024:02:00:57 +0000] "POST /wp-login.php HTTP/1.1" 403 776 "-" "Medusa v2.3"
198.20.69.74 - - [01/Jun/2024:02:00:57 +0000] "POST /admin/dashboard HTTP/1.1" 429 2639 "-" "-"
198.20.69.74 - - [01/Jun/2024:02:00:58 +0000] "POST /wp-admin HTTP/1.1" 401 2738 "-" "Medusa v2.3"
185.220.101.45 - - [01/Jun/2024:02:00:58 +0000] "POST /user/login HTTP/1.1" 401 1535 "-" "python-requests/2.28.0"
104.236.179.97 - - [01/Jun/2024:02:00:58 +0000] "POST /login HTTP/1.1" 401 1581 "-" "Medusa v2.3"
104.236.179.97 - - [01/Jun/2024:02:00:59 +0000] "POST /wp-login.php HTTP/1.1" 403 3001 "-" "Hydra v9.5 (www.thc.org/thc-hydra)"
104.236.179.97 - - [01/Jun/2024:02:00:59 +0000] "POST /admin/dashboard HTTP/1.1" 401 2792 "-" "python-requests/2.28.0"
45.33.32.156 - - [01/Jun/2024:02:00:59 +0000] "POST /admin/dashboard HTTP/1.1" 403 815 "-" "Hydra v9.5 (www.thc.org/thc-hydra)"
45.33.32.156 - - [01/Jun/2024:02:01:00 +0000] "POST /wp-login.php HTTP/1.1" 403 3616 "-" "sqlmap/1.7.11#stable (https://sqlmap.org)"
23.94.3.173 - - [01/Jun/2024:02:01:00 +0000] "POST /wp-admin HTTP/1.1" 401 561 "-" "Medusa v2.3"
198.20.69.74 - - [01/Jun/2024:02:01:00 +0000] "POST /user/login HTTP/1.1" 401 308 "-" "sqlmap/1.7.11#stable (https://sqlmap.org)"
45.33.32.156 - - [01/Jun/2024:02:01:00 +0000] "POST /administrator HTTP/1.1" 403 1993 "-" "python-requests/2.28.0"
198.20.69.74 - - [01/Jun/2024:02:01:01 +0000] "POST /wp-login.php HTTP/1.1" 401 393 "-" "Medusa v2.3"
185.220.101.45 - - [01/Jun/2024:02:01:01 +0000] "POST /admin/login HTTP/1.1" 401 1596 "-" "python-requests/2.28.0"
185.220.101.45 - - [01/Jun/2024:02:01:01 +0000] "POST /wp-login.php HTTP/1.1" 401 1503 "-" "Medusa v2.3"
23.94.3.173 - - [01/Jun/2024:02:01:02 +0000] "POST /admin/dashboard HTTP/1.1" 401 3686 "-" "Medusa v2.3"
23.94.3.173 - - [01/Jun/2024:02:01:02 +0000] "POST /administrator HTTP/1.1" 401 3625 "-" "Hydra v9.5 (www.thc.org/thc-hydra)"
185.220.101.45 - - [01/Jun/2024:02:01:02 +0000] "POST /administrator HTTP/1.1" 401 172 "-" "-"
104.236.179.97 - - [01/Jun/2024:02:01:03 +0000] "POST /wp-login.php HTTP/1.1" 403 1583 "-" "-"
45.33.32.156 - - [01/Jun/2024:02:01:03 +0000] "POST /admin/dashboard HTTP/1.1" 401 3325 "-" "-"
104.236.179.97 - - [01/Jun/2024:02:01:03 +0000] "POST /admin HTTP/1.1" 403 1781 "-" "Hydra v9.5 (www.thc.org/thc-hydra)"
198.20.69.74 - - [01/Jun/2024:02:01:03 +0000] "POST /wp-login.php HTTP/1.1" 401 1331 "-" "sqlmap/1.7.11#stable (https://sqlmap.org)"
23.94.3.173 - - [01/Jun/2024:02:01:04 +0000] "POST /admin/dashboard HTTP/1.1" 403 4096 "-" "python-requests/2.28.0"
45.33.32.156 - - [01/Jun/2024:02:01:04 +0000] "POST /user/login HTTP/1.1" 403 2103 "-" "Hydra v9.5 (www.thc.org/thc-hydra)"
104.236.179.97 - - [01/Jun/2024:02:01:04 +0000] "POST /administrator HTTP/1.1" 403 2442 "-" "Medusa v2.3"
45.33.32.156 - - [01/Jun/2024:02:01:05 +0000] "POST /wp-admin HTTP/1.1" 401 1260 "-" "Medusa v2.3"
23.94.3.173 - - [01/Jun/2024:02:01:05 +0000] "POST /user/login HTTP/1.1" 401 2592 "-" "python-requests/2.28.0"
45.33.32.156 - - [01/Jun/2024:02:01:05 +0000] "POST /user/login HTTP/1.1" 401 2876 "-" "sqlmap/1.7.11#stable (https://sqlmap.org)"
192.168.207.41 - - [01/Jun/2024:02:01:06 +0000] "GET /about HTTP/2.0" 200 48302 "https://bing.com" "Mozilla/5.0 (iPhone; CPU iPhone OS 17_4_1 like Mac OS X) AppleWebKit/605.1.15 Mobile/15E148 Safari/604.1"
45.33.32.156 - - [01/Jun/2024:02:01:06 +0000] "POST /user/login HTTP/1.1" 403 3950 "-" "python-requests/2.28.0"
23.94.3.173 - - [01/Jun/2024:02:01:06 +0000] "POST /wp-login.php HTTP/1.1" 401 2102 "-" "-"
23.94.3.173 - - [01/Jun/2024:02:01:06 +0000] "POST /admin/login HTTP/1.1" 429 1380 "-" "Medusa v2.3"
45.33.32.156 - - [01/Jun/2024:02:01:06 +0000] "POST /admin/login HTTP/1.1" 401 3369 "-" "Medusa v2.3"
185.220.101.45 - - [01/Jun/2024:02:01:07 +0000] "POST /wp-admin HTTP/1.1" 403 3256 "-" "-"
23.94.3.173 - - [01/Jun/2024:02:01:07 +0000] "POST /wp-admin HTTP/1.1" 401 910 "-" "python-requests/2.28.0"
23.94.3.173 - - [01/Jun/2024:02:01:07 +0000] "POST /administrator HTTP/1.1" 200 52651 "-" "Medusa v2.3"
185.220.101.45 - - [01/Jun/2024:02:01:08 +0000] "POST /login HTTP/1.1" 401 1961 "-" "Hydra v9.5 (www.thc.org/thc-hydra)"
198.20.69.74 - - [01/Jun/2024:02:01:08 +0000] "POST /wp-admin HTTP/1.1" 401 449 "-" "Hydra v9.5 (www.thc.org/thc-hydra)"
198.20.69.74 - - [01/Jun/2024:02:01:08 +0000] "POST /admin HTTP/1.1" 403 2607 "-" "sqlmap/1.7.11#stable (https://sqlmap.org)"
151.101.239.128 - - [01/Jun/2024:02:01:09 +0000] "POST /cart HTTP/1.1" 304 139 "-" "Mozilla/5.0 (iPhone; CPU iPhone OS 17_4_1 like Mac OS X) AppleWebKit/605.1.15 Mobile/15E148 Safari/604.1"
45.33.32.156 - - [01/Jun/2024:02:01:09 +0000] "POST /login HTTP/1.1" 403 3830 "-" "Medusa v2.3"
198.20.69.74 - - [01/Jun/2024:02:01:09 +0000] "POST /wp-login.php HTTP/1.1" 429 1028 "-" "python-requests/2.28.0"
23.94.3.173 - - [01/Jun/2024:02:01:09 +0000] "POST /wp-admin HTTP/1.1" 401 3017 "-" "-"
23.94.3.173 - - [01/Jun/2024:02:01:09 +0000] "POST /admin HTTP/1.1" 429 1197 "-" "-"
45.33.32.156 - - [01/Jun/2024:02:01:10 +0000] "POST /login HTTP/1.1" 403 3844 "-" "python-requests/2.28.0"
198.20.69.74 - - [01/Jun/2024:02:01:10 +0000] "POST /admin/dashboard HTTP/1.1" 403 2396 "-" "Hydra v9.5 (www.thc.org/thc-hydra)"
23.94.3.173 - - [01/Jun/2024:02:01:10 +0000] "POST /admin/login HTTP/1.1" 429 1503 "-" "Hydra v9.5 (www.thc.org/thc-hydra)"
23.94.3.173 - - [01/Jun/2024:02:01:11 +0000] "POST /user/login HTTP/1.1" 403 3974 "-" "Medusa v2.3"
45.33.32.156 - - [01/Jun/2024:02:01:11 +0000] "POST /admin/dashboard HTTP/1.1" 401 2489 "-" "sqlmap/1.7.11#stable (https://sqlmap.org)"
45.33.32.156 - - [01/Jun/2024:02:01:11 +0000] "POST /admin/login HTTP/1.1" 429 3363 "-" "Hydra v9.5 (www.thc.org/thc-hydra)"
45.33.32.156 - - [01/Jun/2024:02:01:12 +0000] "POST /admin/login HTTP/1.1" 401 751 "-" "python-requests/2.28.0"
45.33.32.156 - - [01/Jun/2024:02:01:12 +0000] "POST /user/login HTTP/1.1" 403 2338 "-" "-"
198.20.69.74 - - [01/Jun/2024:02:01:12 +0000] "POST /wp-login.php HTTP/1.1" 401 3205 "-" "Medusa v2.3"
23.94.3.173 - - [01/Jun/2024:02:01:12 +0000] "POST /wp-login.php HTTP/1.1" 401 1624 "-" "Hydra v9.5 (www.thc.org/thc-hydra)"
198.20.69.74 - - [01/Jun/2024:02:01:13 +0000] "POST /administrator HTTP/1.1" 401 3886 "-" "sqlmap/1.7.11#stable (https://sqlmap.org)"
45.33.32.156 - - [01/Jun/2024:02:01:13 +0000] "POST /administrator HTTP/1.1" 401 1664 "-" "python-requests/2.28.0"
198.20.69.74 - - [01/Jun/2024:02:01:13 +0000] "POST /login HTTP/1.1" 403 691 "-" "sqlmap/1.7.11#stable (https://sqlmap.org)"
198.20.69.74 - - [01/Jun/2024:02:01:14 +0000] "POST /admin HTTP/1.1" 403 986 "-" "python-requests/2.28.0"
23.94.3.173 - - [01/Jun/2024:02:01:14 +0000] "POST /admin HTTP/1.1" 401 3777 "-" "Medusa v2.3"
23.94.3.173 - - [01/Jun/2024:02:01:14 +0000] "POST /wp-login.php HTTP/1.1" 401 651 "-" "Hydra v9.5 (www.thc.org/thc-hydra)"
45.33.32.156 - - [01/Jun/2024:02:01:15 +0000] "POST /wp-login.php HTTP/1.1" 403 1098 "-" "Hydra v9.5 (www.thc.org/thc-hydra)"
198.20.69.74 - - [01/Jun/2024:02:01:15 +0000] "POST /login HTTP/1.1" 429 555 "-" "Hydra v9.5 (www.thc.org/thc-hydra)"
23.94.3.173 - - [01/Jun/2024:02:01:15 +0000] "POST /wp-admin HTTP/1.1" 429 146 "-" "Hydra v9.5 (www.thc.org/thc-hydra)"
45.33.32.156 - - [01/Jun/2024:02:01:15 +0000] "POST /admin/dashboard HTTP/1.1" 429 2019 "-" "python-requests/2.28.0"
45.33.32.156 - - [01/Jun/2024:02:01:16 +0000] "POST /login HTTP/1.1" 500 2809 "-" "python-requests/2.28.0"
23.94.3.173 - - [01/Jun/2024:02:01:16 +0000] "POST /wp-admin HTTP/1.1" 403 1645 "-" "Hydra v9.5 (www.thc.org/thc-hydra)"
185.220.101.45 - - [01/Jun/2024:02:01:16 +0000] "POST /user/login HTTP/1.1" 401 2077 "-" "sqlmap/1.7.11#stable (https://sqlmap.org)"
23.94.3.173 - - [01/Jun/2024:02:01:17 +0000] "POST /admin HTTP/1.1" 401 271 "-" "Medusa v2.3"
185.220.101.45 - - [01/Jun/2024:02:01:17 +0000] "POST /admin/dashboard HTTP/1.1" 401 2790 "-" "Medusa v2.3"
45.33.32.156 - - [01/Jun/2024:02:01:17 +0000] "POST /wp-admin HTTP/1.1" 401 3729 "-" "Hydra v9.5 (www.thc.org/thc-hydra)"
23.94.3.173 - - [01/Jun/2024:02:01:18 +0000] "POST /administrator HTTP/1.1" 403 1151 "-" "-"
23.94.3.173 - - [01/Jun/2024:02:01:18 +0000] "POST /admin HTTP/1.1" 401 441 "-" "python-requests/2.28.0"
45.33.32.156 - - [01/Jun/2024:02:01:18 +0000] "POST /wp-admin HTTP/1.1" 403 183 "-" "python-requests/2.28.0"
104.236.179.97 - - [01/Jun/2024:02:01:18 +0000] "POST /login HTTP/1.1" 429 3046 "-" "python-requests/2.28.0"
45.33.32.156 - - [01/Jun/2024:02:01:19 +0000] "POST /admin/login HTTP/1.1" 401 2811 "-" "sqlmap/1.7.11#stable (https://sqlmap.org)"
185.220.101.45 - - [01/Jun/2024:02:01:19 +0000] "POST /login HTTP/1.1" 401 383 "-" "Medusa v2.3"
185.220.101.45 - - [01/Jun/2024:02:01:19 +0000] "POST /wp-admin HTTP/1.1" 401 2331 "-" "Hydra v9.5 (www.thc.org/thc-hydra)"
185.220.101.45 - - [01/Jun/2024:02:01:20 +0000] "POST /login HTTP/1.1" 401 817 "-" "sqlmap/1.7.11#stable (https://sqlmap.org)"
104.236.179.97 - - [01/Jun/2024:02:01:20 +0000] "POST /admin HTTP/1.1" 401 2711 "-" "python-requests/2.28.0"
198.20.69.74 - - [01/Jun/2024:02:01:20 +0000] "POST /administrator HTTP/1.1" 429 1744 "-" "sqlmap/1.7.11#stable (https://sqlmap.org)"
198.20.69.74 - - [01/Jun/2024:02:01:21 +0000] "POST /admin/dashboard HTTP/1.1" 401 3906 "-" "sqlmap/1.7.11#stable (https://sqlmap.org)"
185.220.101.45 - - [01/Jun/2024:02:01:21 +0000] "POST /user/login HTTP/1.1" 401 1231 "-" "-"
45.33.32.156 - - [01/Jun/2024:02:01:21 +0000] "POST /wp-admin HTTP/1.1" 401 1607 "-" "-"
198.20.69.74 - - [01/Jun/2024:02:01:21 +0000] "POST /wp-login.php HTTP/1.1" 401 3537 "-" "-"
192.168.87.27 - - [01/Jun/2024:02:01:22 +0000] "GET /search?q=laptop HTTP/1.1" 200 16870 "https://google.com" "curl/8.4.0"
45.33.32.156 - - [01/Jun/2024:02:01:22 +0000] "POST /administrator HTTP/1.1" 401 3726 "-" "Medusa v2.3"
45.33.32.156 - - [01/Jun/2024:02:01:22 +0000] "POST /administrator HTTP/1.1" 429 1645 "-" "-"
198.20.69.74 - - [01/Jun/2024:02:01:22 +0000] "POST /administrator HTTP/1.1" 401 3688 "-" "Hydra v9.5 (www.thc.org/thc-hydra)"
45.33.32.156 - - [01/Jun/2024:02:01:23 +0000] "POST /admin HTTP/1.1" 401 2324 "-" "Hydra v9.5 (www.thc.org/thc-hydra)"
198.20.69.74 - - [01/Jun/2024:02:01:23 +0000] "POST /administrator HTTP/1.1" 401 3997 "-" "-"
23.94.3.173 - - [01/Jun/2024:02:01:23 +0000] "POST /login HTTP/1.1" 429 1488 "-" "-"
23.94.3.173 - - [01/Jun/2024:02:01:24 +0000] "POST /user/login HTTP/1.1" 401 2090 "-" "sqlmap/1.7.11#stable (https://sqlmap.org)"
198.20.69.74 - - [01/Jun/2024:02:01:24 +0000] "POST /admin/dashboard HTTP/1.1" 401 3817 "-" "sqlmap/1.7.11#stable (https://sqlmap.org)"
185.220.101.45 - - [01/Jun/2024:02:01:24 +0000] "POST /admin/login HTTP/1.1" 401 3920 "-" "python-requests/2.28.0"
45.33.32.156 - - [01/Jun/2024:02:01:24 +0000] "POST /admin/dashboard HTTP/1.1" 401 3414 "-" "Hydra v9.5 (www.thc.org/thc-hydra)"
185.220.101.45 - - [01/Jun/2024:02:01:25 +0000] "POST /wp-admin HTTP/1.1" 401 1677 "-" "-"
104.236.179.97 - - [01/Jun/2024:02:01:25 +0000] "POST /user/login HTTP/1.1" 403 1753 "-" "python-requests/2.28.0"
23.94.3.173 - - [01/Jun/2024:02:01:25 +0000] "POST /admin/dashboard HTTP/1.1" 200 1127 "-" "python-requests/2.28.0"
104.236.179.97 - - [01/Jun/2024:02:01:26 +0000] "POST /administrator HTTP/1.1" 429 2787 "-" "-"
23.94.3.173 - - [01/Jun/2024:02:01:26 +0000] "POST /wp-admin HTTP/1.1" 403 2717 "-" "python-requests/2.28.0"
198.20.69.74 - - [01/Jun/2024:02:01:26 +0000] "POST /wp-admin HTTP/1.1" 401 2476 "-" "python-requests/2.28.0"
23.94.3.173 - - [01/Jun/2024:02:01:27 +0000] "POST /user/login HTTP/1.1" 429 1181 "-" "Medusa v2.3"
45.33.32.156 - - [01/Jun/2024:02:01:27 +0000] "POST /wp-login.php HTTP/1.1" 401 3773 "-" "-"
45.33.32.156 - - [01/Jun/2024:02:01:27 +0000] "POST /user/login HTTP/1.1" 403 989 "-" "sqlmap/1.7.11#stable (https://sqlmap.org)"
185.220.101.45 - - [01/Jun/2024:02:01:27 +0000] "POST /administrator HTTP/1.1" 401 3608 "-" "Medusa v2.3"
104.236.179.97 - - [01/Jun/2024:02:01:28 +0000] "POST /login HTTP/1.1" 401 3292 "-" "-"
104.236.179.97 - - [01/Jun/2024:02:01:28 +0000] "POST /wp-login.php HTTP/1.1" 403 1793 "-" "sqlmap/1.7.11#stable (https://sqlmap.org)"
45.33.32.156 - - [01/Jun/2024:02:01:28 +0000] "POST /user/login HTTP/1.1" 429 2459 "-" "python-requests/2.28.0"
23.94.3.173 - - [01/Jun/2024:02:01:29 +0000] "POST /user/login HTTP/1.1" 401 2859 "-" "Medusa v2.3"
23.94.3.173 - - [01/Jun/2024:02:01:29 +0000] "POST /admin/login HTTP/1.1" 401 3336 "-" "python-requests/2.28.0"
198.20.69.74 - - [01/Jun/2024:02:01:29 +0000] "POST /wp-admin HTTP/1.1" 401 1483 "-" "Medusa v2.3"
192.168.235.165 - - [01/Jun/2024:02:01:30 +0000] "GET /pricing HTTP/2.0" 200 48692 "https://google.com" "Mozilla/5.0 (X11; Linux x86_64; rv:125.0) Gecko/20100101 Firefox/125.0"
45.33.32.156 - - [01/Jun/2024:02:01:30 +0000] "POST /login HTTP/1.1" 403 1156 "-" "python-requests/2.28.0"
185.220.101.45 - - [01/Jun/2024:02:01:30 +0000] "POST /admin/dashboard HTTP/1.1" 401 1877 "-" "python-requests/2.28.0"
185.220.101.45 - - [01/Jun/2024:02:01:30 +0000] "POST /admin/login HTTP/1.1" 429 4007 "-" "python-requests/2.28.0"
45.33.32.156 - - [01/Jun/2024:02:01:30 +0000] "POST /admin/login HTTP/1.1" 429 3302 "-" "-"
23.94.3.173 - - [01/Jun/2024:02:01:31 +0000] "POST /user/login HTTP/1.1" 429 3746 "-" "python-requests/2.28.0"
23.94.3.173 - - [01/Jun/2024:02:01:31 +0000] "POST /user/login HTTP/1.1" 401 2779 "-" "Hydra v9.5 (www.thc.org/thc-hydra)"
185.220.101.45 - - [01/Jun/2024:02:01:31 +0000] "POST /admin/dashboard HTTP/1.1" 401 1012 "-" "python-requests/2.28.0"
23.94.3.173 - - [01/Jun/2024:02:01:32 +0000] "POST /user/login HTTP/1.1" 401 3316 "-" "sqlmap/1.7.11#stable (https://sqlmap.org)"
45.33.32.156 - - [01/Jun/2024:02:01:32 +0000] "POST /wp-admin HTTP/1.1" 500 604 "-" "Hydra v9.5 (www.thc.org/thc-hydra)"
185.220.101.45 - - [01/Jun/2024:02:01:32 +0000] "POST /admin/login HTTP/1.1" 401 3348 "-" "sqlmap/1.7.11#stable (https://sqlmap.org)"
23.94.3.173 - - [01/Jun/2024:02:01:33 +0000] "POST /admin/login HTTP/1.1" 401 771 "-" "Hydra v9.5 (www.thc.org/thc-hydra)"
198.20.69.74 - - [01/Jun/2024:02:01:33 +0000] "POST /wp-admin HTTP/1.1" 401 686 "-" "Hydra v9.5 (www.thc.org/thc-hydra)"
185.220.101.45 - - [01/Jun/2024:02:01:33 +0000] "POST /wp-admin HTTP/1.1" 401 1652 "-" "sqlmap/1.7.11#stable (https://sqlmap.org)"
23.94.3.173 - - [01/Jun/2024:02:01:33 +0000] "POST /login HTTP/1.1" 403 3999 "-" "python-requests/2.28.0"
185.220.101.45 - - [01/Jun/2024:02:01:34 +0000] "POST /wp-login.php HTTP/1.1" 403 2885 "-" "sqlmap/1.7.11#stable (https://sqlmap.org)"
23.94.3.173 - - [01/Jun/2024:02:01:34 +0000] "POST /admin/login HTTP/1.1" 401 1892 "-" "-"
23.94.3.173 - - [01/Jun/2024:02:01:34 +0000] "POST /admin/login HTTP/1.1" 401 470 "-" "Hydra v9.5 (www.thc.org/thc-hydra)"
185.220.101.45 - - [01/Jun/2024:02:01:35 +0000] "POST /user/login HTTP/1.1" 403 298 "-" "sqlmap/1.7.11#stable (https://sqlmap.org)"
23.94.3.173 - - [01/Jun/2024:02:01:35 +0000] "POST /wp-login.php HTTP/1.1" 401 3728 "-" "-"
104.236.179.97 - - [01/Jun/2024:02:01:35 +0000] "POST /user/login HTTP/1.1" 403 1495 "-" "Hydra v9.5 (www.thc.org/thc-hydra)"
45.33.32.156 - - [01/Jun/2024:02:01:36 +0000] "POST /login HTTP/1.1" 401 1583 "-" "Medusa v2.3"
104.236.179.97 - - [01/Jun/2024:02:01:36 +0000] "POST /login HTTP/1.1" 401 4091 "-" "python-requests/2.28.0"
23.94.3.173 - - [01/Jun/2024:02:01:36 +0000] "POST /wp-login.php HTTP/1.1" 429 1595 "-" "Medusa v2.3"
45.33.32.156 - - [01/Jun/2024:02:01:36 +0000] "POST /admin/dashboard HTTP/1.1" 401 2711 "-" "python-requests/2.28.0"
185.220.101.45 - - [01/Jun/2024:02:01:37 +0000] "POST /admin/login HTTP/1.1" 401 3057 "-" "-"
198.20.69.74 - - [01/Jun/2024:02:01:37 +0000] "POST /wp-admin HTTP/1.1" 429 3856 "-" "python-requests/2.28.0"
45.33.32.156 - - [01/Jun/2024:02:01:37 +0000] "POST /admin HTTP/1.1" 403 3037 "-" "Medusa v2.3"
192.168.88.72 - - [01/Jun/2024:02:01:38 +0000] "GET /pricing HTTP/2.0" 200 27676 "https://bing.com" "Mozilla/5.0 (Macintosh; Intel Mac OS X 10_15_7) AppleWebKit/605.1.15 (KHTML, like Gecko) Version/17.4 Safari/605.1.15"
185.220.101.45 - - [01/Jun/2024:02:01:38 +0000] "POST /admin/dashboard HTTP/1.1" 429 3997 "-" "-"
185.220.101.45 - - [01/Jun/2024:02:01:38 +0000] "POST /user/login HTTP/1.1" 401 3281 "-" "python-requests/2.28.0"
198.20.69.74 - - [01/Jun/2024:02:01:38 +0000] "POST /user/login HTTP/1.1" 401 3366 "-" "sqlmap/1.7.11#stable (https://sqlmap.org)"
104.236.179.97 - - [01/Jun/2024:02:01:39 +0000] "POST /wp-login.php HTTP/1.1" 401 3365 "-" "python-requests/2.28.0"
198.20.69.74 - - [01/Jun/2024:02:01:39 +0000] "POST /admin HTTP/1.1" 401 2830 "-" "-"
23.94.3.173 - - [01/Jun/2024:02:01:39 +0000] "POST /admin HTTP/1.1" 401 1060 "-" "Hydra v9.5 (www.thc.org/thc-hydra)"
198.20.69.74 - - [01/Jun/2024:02:01:39 +0000] "POST /login HTTP/1.1" 401 179 "-" "Medusa v2.3"
45.33.32.156 - - [01/Jun/2024:02:01:40 +0000] "POST /admin/login HTTP/1.1" 401 1378 "-" "Medusa v2.3"
45.33.32.156 - - [01/Jun/2024:02:01:40 +0000] "POST /login HTTP/1.1" 401 752 "-" "sqlmap/1.7.11#stable (https://sqlmap.org)"
45.33.32.156 - - [01/Jun/2024:02:01:40 +0000] "POST /user/login HTTP/1.1" 401 1601 "-" "Medusa v2.3"
45.33.32.156 - - [01/Jun/2024:02:01:41 +0000] "POST /user/login HTTP/1.1" 403 2797 "-" "sqlmap/1.7.11#stable (https://sqlmap.org)"
45.33.32.156 - - [01/Jun/2024:02:01:41 +0000] "POST /wp-login.php HTTP/1.1" 401 639 "-" "python-requests/2.28.0"
104.236.179.97 - - [01/Jun/2024:02:01:41 +0000] "POST /login HTTP/1.1" 403 1556 "-" "Hydra v9.5 (www.thc.org/thc-hydra)"
23.94.3.173 - - [01/Jun/2024:02:01:42 +0000] "POST /user/login HTTP/1.1" 401 799 "-" "sqlmap/1.7.11#stable (https://sqlmap.org)"
198.20.69.74 - - [01/Jun/2024:02:01:42 +0000] "POST /admin/dashboard HTTP/1.1" 401 2289 "-" "Medusa v2.3"
104.236.179.97 - - [01/Jun/2024:02:01:42 +0000] "POST /wp-admin HTTP/1.1" 401 2446 "-" "Medusa v2.3"
185.220.101.45 - - [01/Jun/2024:02:01:42 +0000] "POST /admin/login HTTP/1.1" 429 2921 "-" "-"
198.20.69.74 - - [01/Jun/2024:02:01:43 +0000] "POST /login HTTP/1.1" 401 3358 "-" "sqlmap/1.7.11#stable (https://sqlmap.org)"
104.236.179.97 - - [01/Jun/2024:02:01:43 +0000] "POST /admin/login HTTP/1.1" 401 1743 "-" "python-requests/2.28.0"
45.33.32.156 - - [01/Jun/2024:02:01:43 +0000] "POST /administrator HTTP/1.1" 401 508 "-" "-"
192.168.95.91 - - [01/Jun/2024:02:01:44 +0000] "HEAD /search?q=laptop HTTP/1.1" 200 2017 "https://google.com" "Mozilla/5.0 (Windows NT 10.0; Win64; x64) AppleWebKit/537.36 (KHTML, like Gecko) Chrome/124.0.0.0 Safari/537.36"
23.94.3.173 - - [01/Jun/2024:02:01:44 +0000] "POST /administrator HTTP/1.1" 401 537 "-" "-"
23.94.3.173 - - [01/Jun/2024:02:01:44 +0000] "POST /user/login HTTP/1.1" 403 213 "-" "-"
198.20.69.74 - - [01/Jun/2024:02:01:44 +0000] "POST /admin/login HTTP/1.1" 401 3574 "-" "-"
198.20.69.74 - - [01/Jun/2024:02:01:45 +0000] "POST /administrator HTTP/1.1" 401 1029 "-" "Hydra v9.5 (www.thc.org/thc-hydra)"
185.220.101.45 - - [01/Jun/2024:02:01:45 +0000] "POST /login HTTP/1.1" 403 2456 "-" "Hydra v9.5 (www.thc.org/thc-hydra)"
23.94.3.173 - - [01/Jun/2024:02:01:45 +0000] "POST /admin/login HTTP/1.1" 401 522 "-" "Medusa v2.3"
185.220.101.45 - - [01/Jun/2024:02:01:45 +0000] "POST /administrator HTTP/1.1" 429 3420 "-" "sqlmap/1.7.11#stable (https://sqlmap.org)"
45.33.32.156 - - [01/Jun/2024:02:01:46 +0000] "POST /wp-admin HTTP/1.1" 403 2745 "-" "python-requests/2.28.0"
45.33.32.156 - - [01/Jun/2024:02:01:46 +0000] "POST /admin/login HTTP/1.1" 429 3802 "-" "python-requests/2.28.0"
104.236.179.97 - - [01/Jun/2024:02:01:46 +0000] "POST /user/login HTTP/1.1" 401 3619 "-" "sqlmap/1.7.11#stable (https://sqlmap.org)"
104.236.179.97 - - [01/Jun/2024:02:01:47 +0000] "POST /wp-login.php HTTP/1.1" 401 2015 "-" "Hydra v9.5 (www.thc.org/thc-hydra)"
185.220.101.45 - - [01/Jun/2024:02:01:47 +0000] "POST /admin/dashboard HTTP/1.1" 401 2562 "-" "sqlmap/1.7.11#stable (https://sqlmap.org)"
185.220.101.45 - - [01/Jun/2024:02:01:47 +0000] "POST /wp-admin HTTP/1.1" 403 828 "-" "Medusa v2.3"
185.220.101.45 - - [01/Jun/2024:02:01:48 +0000] "POST /user/login HTTP/1.1" 403 1065 "-" "python-requests/2.28.0"
23.94.3.173 - - [01/Jun/2024:02:01:48 +0000] "POST /wp-login.php HTTP/1.1" 401 2702 "-" "Medusa v2.3"
198.20.69.74 - - [01/Jun/2024:02:01:48 +0000] "POST /administrator HTTP/1.1" 200 41317 "-" "python-requests/2.28.0"
