185.220.101.45 - - [01/Jun/2024:02:01:48 +0000] "POST /admin/dashboard HTTP/1.1" 401 551 "-" "Medusa v2.3"
23.94.3.173 - - [01/Jun/2024:02:01:49 +0000] "POST /wp-login.php HTTP/1.1" 401 2223 "-" "sqlmap/1.7.11#stable (https://sqlmap.org)"
198.20.69.74 - - [01/Jun/2024:02:01:49 +0000] "POST /login HTTP/1.1" 403 1027 "-" "Medusa v2.3"
185.220.101.45 - - [01/Jun/2024:02:01:49 +0000] "POST /wp-login.php HTTP/1.1" 401 2028 "-" "-"
192.168.98.70 - - [01/Jun/2024:02:01:50 +0000] "GET /services HTTP/1.1" 200 28620 "https://bing.com" "Mozilla/5.0 (Macintosh; Intel Mac OS X 10_15_7) AppleWebKit/605.1.15 (KHTML, like Gecko) Version/17.4 Safari/605.1.15"
23.94.3.173 - - [01/Jun/2024:02:01:50 +0000] "POST /login HTTP/1.1" 403 2424 "-" "Medusa v2.3"
45.33.32.156 - - [01/Jun/2024:02:01:50 +0000] "POST /admin/dashboard HTTP/1.1" 403 2078 "-" "Hydra v9.5 (www.thc.org/thc-hydra)"
23.94.3.173 - - [01/Jun/2024:02:01:50 +0000] "POST /wp-login.php HTTP/1.1" 200 27087 "-" "python-requests/2.28.0"
198.20.69.74 - - [01/Jun/2024:02:01:51 +0000] "POST /wp-login.php HTTP/1.1" 401 3879 "-" "sqlmap/1.7.11#stable (https://sqlmap.org)"
198.20.69.74 - - [01/Jun/2024:02:01:51 +0000] "POST /wp-admin HTTP/1.1" 401 3214 "-" "sqlmap/1.7.11#stable (https://sqlmap.org)"
104.236.179.97 - - [01/Jun/2024:02:01:51 +0000] "POST /login HTTP/1.1" 429 2880 "-" "Medusa v2.3"
198.20.69.74 - - [01/Jun/2024:02:01:51 +0000] "POST /admin HTTP/1.1" 429 565 "-" "python-requests/2.28.0"
198.20.69.74 - - [01/Jun/2024:02:01:52 +0000] "POST /admin/dashboard HTTP/1.1" 401 369 "-" "Medusa v2.3"
23.94.3.173 - - [01/Jun/2024:02:01:52 +0000] "POST /administrator HTTP/1.1" 401 4071 "-" "sqlmap/1.7.11#stable (https://sqlmap.org)"
45.33.32.156 - - [01/Jun/2024:02:01:52 +0000] "POST /wp-login.php HTTP/1.1" 401 2600 "-" "Hydra v9.5 (www.thc.org/thc-hydra)"
198.20.69.74 - - [01/Jun/2024:02:01:53 +0000] "POST /wp-login.php HTTP/1.1" 401 1354 "-" "Hydra v9.5 (www.thc.org/thc-hydra)"
198.20.69.74 - - [01/Jun/2024:02:01:53 +0000] "POST /wp-admin HTTP/1.1" 403 4043 "-" "Medusa v2.3"
185.220.101.45 - - [01/Jun/2024:02:01:53 +0000] "POST /admin/dashboard HTTP/1.1" 429 2071 "-" "python-requests/2.28.0"
45.33.32.156 - - [01/Jun/2024:02:01:54 +0000] "POST /wp-admin HTTP/1.1" 200 1814 "-" "Hydra v9.5 (www.thc.org/thc-hydra)"
198.20.69.74 - - [01/Jun/2024:02:01:54 +0000] "POST /admin/login HTTP/1.1" 403 2004 "-" "Hydra v9.5 (www.thc.org/thc-hydra)"
23.94.3.173 - - [01/Jun/2024:02:01:54 +0000] "POST /login HTTP/1.1" 403 686 "-" "-"
185.220.101.45 - - [01/Jun/2024:02:01:54 +0000] "POST /login HTTP/1.1" 403 2705 "-" "sqlmap/1.7.11#stable (https://sqlmap.org)"
23.94.3.173 - - [01/Jun/2024:02:01:55 +0000] "POST /user/login HTTP/1.1" 401 3641 "-" "Medusa v2.3"
104.236.179.97 - - [01/Jun/2024:02:01:55 +0000] "POST /user/login HTTP/1.1" 401 3120 "-" "Medusa v2.3"
104.236.179.97 - - [01/Jun/2024:02:01:55 +0000] "POST /login HTTP/1.1" 403 1263 "-" "Hydra v9.5 (www.thc.org/thc-hydra)"
198.20.69.74 - - [01/Jun/2024:02:01:56 +0000] "POST /user/login HTTP/1.1" 401 3065 "-" "sqlmap/1.7.11#stable (https://sqlmap.org)"
23.94.3.173 - - [01/Jun/2024:02:01:56 +0000] "POST /administrator HTTP/1.1" 403 1196 "-" "-"
198.20.69.74 - - [01/Jun/2024:02:01:56 +0000] "POST /wp-login.php HTTP/1.1" 429 2901 "-" "-"
23.94.3.173 - - [01/Jun/2024:02:01:57 +0000] "POST /wp-login.php HTTP/1.1" 401 968 "-" "-"
198.20.69.74 - - [01/Jun/2024:02:01:57 +0000] "POST /administrator HTTP/1.1" 401 2020 "-" "-"
198.20.69.74 - - [01/Jun/2024:02:01:57 +0000] "POST /wp-admin HTTP/1.1" 401 3369 "-" "-"
45.33.32.156 - - [01/Jun/2024:02:01:57 +0000] "POST /wp-admin HTTP/1.1" 401 2071 "-" "Hydra v9.5 (www.thc.org/thc-hydra)"
104.236.179.97 - - [01/Jun/2024:02:01:58 +0000] "POST /wp-admin HTTP/1.1" 401 1042 "-" "python-requests/2.28.0"
104.236.179.97 - - [01/Jun/2024:02:01:58 +0000] "POST /admin/login HTTP/1.1" 401 3205 "-" "python-requests/2.28.0"
104.236.179.97 - - [01/Jun/2024:02:01:58 +0000] "POST /administrator HTTP/1.1" 401 3454 "-" "python-requests/2.28.0"
192.168.130.155 - - [01/Jun/2024:02:01:59 +0000] "GET /search?q=laptop HTTP/1.1" 200 34973 "https://example.com" "curl/8.4.0"
198.20.69.74 - - [01/Jun/2024:02:01:59 +0000] "POST /wp-admin HTTP/1.1" 401 1427 "-" "sqlmap/1.7.11#stable (https://sqlmap.org)"
23.94.3.173 - - [01/Jun/2024:02:01:59 +0000] "POST /wp-admin HTTP/1.1" 403 1437 "-" "sqlmap/1.7.11#stable (https://sqlmap.org)"
45.33.32.156 - - [01/Jun/2024:02:01:59 +0000] "POST /admin HTTP/1.1" 401 1560 "-" "Medusa v2.3"
185.220.101.45 - - [01/Jun/2024:02:02:00 +0000] "POST /login HTTP/1.1" 403 4015 "-" "Medusa v2.3"
45.33.32.156 - - [01/Jun/2024:02:02:00 +0000] "POST /admin/login HTTP/1.1" 429 3449 "-" "Medusa v2.3"
104.236.179.97 - - [01/Jun/2024:02:02:00 +0000] "POST /admin HTTP/1.1" 401 2642 "-" "Hydra v9.5 (www.thc.org/thc-hydra)"
104.236.179.97 - - [01/Jun/2024:02:02:00 +0000] "POST /admin HTTP/1.1" 401 1052 "-" "-"
45.33.32.156 - - [01/Jun/2024:02:02:01 +0000] "POST /admin HTTP/1.1" 401 3558 "-" "Hydra v9.5 (www.thc.org/thc-hydra)"
104.236.179.97 - - [01/Jun/2024:02:02:01 +0000] "POST /administrator HTTP/1.1" 403 1014 "-" "Medusa v2.3"
185.220.101.45 - - [01/Jun/2024:02:02:01 +0000] "POST /admin HTTP/1.1" 403 3681 "-" "python-requests/2.28.0"
45.33.32.156 - - [01/Jun/2024:02:02:02 +0000] "POST /user/login HTTP/1.1" 200 21094 "-" "Medusa v2.3"
23.94.3.173 - - [01/Jun/2024:02:02:02 +0000] "POST /admin/dashboard HTTP/1.1" 401 1044 "-" "Hydra v9.5 (www.thc.org/thc-hydra)"
185.220.101.45 - - [01/Jun/2024:02:02:02 +0000] "POST /admin/login HTTP/1.1" 500 1777 "-" "Hydra v9.5 (www.thc.org/thc-hydra)"
45.33.32.156 - - [01/Jun/2024:02:02:03 +0000] "POST /admin/dashboard HTTP/1.1" 401 1781 "-" "Hydra v9.5 (www.thc.org/thc-hydra)"
45.33.32.156 - - [01/Jun/2024:02:02:03 +0000] "POST /administrator HTTP/1.1" 429 3033 "-" "python-requests/2.28.0"
198.20.69.74 - - [01/Jun/2024:02:02:03 +0000] "POST /login HTTP/1.1" 200 562 "-" "python-requests/2.28.0"
23.94.3.173 - - [01/Jun/2024:02:02:03 +0000] "POST /administrator HTTP/1.1" 401 730 "-" "sqlmap/1.7.11#stable (https://sqlmap.org)"
104.236.179.97 - - [01/Jun/2024:02:02:04 +0000] "POST /admin/dashboard HTTP/1.1" 401 1568 "-" "python-requests/2.28.0"
185.220.101.45 - - [01/Jun/2024:02:02:04 +0000] "POST /admin HTTP/1.1" 401 2909 "-" "Hydra v9.5 (www.thc.org/thc-hydra)"
23.94.3.173 - - [01/Jun/2024:02:02:04 +0000] "POST /login HTTP/1.1" 403 2528 "-" "sqlmap/1.7.11#stable (https://sqlmap.org)"
45.33.32.156 - - [01/Jun/2024:02:02:05 +0000] "POST /wp-login.php HTTP/1.1" 403 1810 "-" "sqlmap/1.7.11#stable (https://sqlmap.org)"
45.33.32.156 - - [01/Jun/2024:02:02:05 +0000] "POST /admin/login HTTP/1.1" 401 2203 "-" "-"
185.220.101.45 - - [01/Jun/2024:02:02:05 +0000] "POST /wp-admin HTTP/1.1" 401 3373 "-" "python-requests/2.28.0"
45.33.32.156 - - [01/Jun/2024:02:02:06 +0000] "POST /wp-admin HTTP/1.1" 401 566 "-" "python-requests/2.28.0"
185.220.101.45 - - [01/Jun/2024:02:02:06 +0000] "POST /administrator HTTP/1.1" 401 3447 "-" "Medusa v2.3"
23.94.3.173 - - [01/Jun/2024:02:02:06 +0000] "POST /login HTTP/1.1" 500 2671 "-" "sqlmap/1.7.11#stable (https://sqlmap.org)"
185.220.101.45 - - [01/Jun/2024:02:02:06 +0000] "POST /admin/dashboard HTTP/1.1" 403 2296 "-" "Hydra v9.5 (www.thc.org/thc-hydra)"
23.94.3.173 - - [01/Jun/2024:02:02:07 +0000] "POST /login HTTP/1.1" 401 3988 "-" "Hydra v9.5 (www.thc.org/thc-hydra)"
23.94.3.173 - - [01/Jun/2024:02:02:07 +0000] "POST /login HTTP/1.1" 403 2369 "-" "sqlmap/1.7.11#stable (https://sqlmap.org)"
104.236.179.97 - - [01/Jun/2024:02:02:07 +0000] "POST /wp-admin HTTP/1.1" 401 1540 "-" "python-requests/2.28.0"
104.236.179.97 - - [01/Jun/2024:02:02:08 +0000] "POST /wp-admin HTTP/1.1" 403 3016 "-" "sqlmap/1.7.11#stable (https://sqlmap.org)"
185.220.101.45 - - [01/Jun/2024:02:02:08 +0000] "POST /admin/dashboard HTTP/1.1" 403 4000 "-" "-"
185.220.101.45 - - [01/Jun/2024:02:02:08 +0000] "POST /administrator HTTP/1.1" 401 1145 "-" "Medusa v2.3"
104.236.179.97 - - [01/Jun/2024:02:02:09 +0000] "POST /wp-admin HTTP/1.1" 401 3752 "-" "sqlmap/1.7.11#stable (https://sqlmap.org)"
104.236.179.97 - - [01/Jun/2024:02:02:09 +0000] "POST /wp-login.php HTTP/1.1" 401 3965 "-" "python-requests/2.28.0"
23.94.3.173 - - [01/Jun/2024:02:02:09 +0000] "POST /admin/dashboard HTTP/1.1" 401 380 "-" "-"
104.236.179.97 - - [01/Jun/2024:02:02:09 +0000] "POST /admin HTTP/1.1" 401 1346 "-" "Medusa v2.3"
23.94.3.173 - - [01/Jun/2024:02:02:10 +0000] "POST /administrator HTTP/1.1" 403 948 "-" "Medusa v2.3"
198.20.69.74 - - [01/Jun/2024:02:02:10 +0000] "POST /admin HTTP/1.1" 401 3852 "-" "python-requests/2.28.0"
198.20.69.74 - - [01/Jun/2024:02:02:10 +0000] "POST /admin/login HTTP/1.1" 401 232 "-" "Hydra v9.5 (www.thc.org/thc-hydra)"
192.168.42.119 - - [01/Jun/2024:02:02:11 +0000] "POST /contact HTTP/1.1" 302 195 "https://bing.com" "Mozilla/5.0 (X11; Linux x86_64; rv:125.0) Gecko/20100101 Firefox/125.0"
104.236.179.97 - - [01/Jun/2024:02:02:11 +0000] "POST /administrator HTTP/1.1" 401 3206 "-" "Hydra v9.5 (www.thc.org/thc-hydra)"
198.20.69.74 - - [01/Jun/2024:02:02:11 +0000] "POST /user/login HTTP/1.1" 401 1091 "-" "sqlmap/1.7.11#stable (https://sqlmap.org)"
198.20.69.74 - - [01/Jun/2024:02:02:11 +0000] "POST /user/login HTTP/1.1" 403 2070 "-" "sqlmap/1.7.11#stable (https://sqlmap.org)"
185.220.101.45 - - [01/Jun/2024:02:02:12 +0000] "POST /admin/dashboard HTTP/1.1" 401 1259 "-" "-"
23.94.3.173 - - [01/Jun/2024:02:02:12 +0000] "POST /login HTTP/1.1" 200 9921 "-" "Medusa v2.3"
45.33.32.156 - - [01/Jun/2024:02:02:12 +0000] "POST /administrator HTTP/1.1" 429 1288 "-" "Medusa v2.3"
104.236.179.97 - - [01/Jun/2024:02:02:12 +0000] "POST /login HTTP/1.1" 500 1311 "-" "-"
45.33.32.156 - - [01/Jun/2024:02:02:13 +0000] "POST /login HTTP/1.1" 403 2500 "-" "-"
198.20.69.74 - - [01/Jun/2024:02:02:13 +0000] "POST /user/login HTTP/1.1" 401 1976 "-" "Hydra v9.5 (www.thc.org/thc-hydra)"
185.220.101.45 - - [01/Jun/2024:02:02:13 +0000] "POST /admin/login HTTP/1.1" 401 498 "-" "python-requests/2.28.0"
198.20.69.74 - - [01/Jun/2024:02:02:14 +0000] "POST /wp-login.php HTTP/1.1" 401 1000 "-" "sqlmap/1.7.11#stable (https://sqlmap.org)"
45.33.32.156 - - [01/Jun/2024:02:02:14 +0000] "POST /admin HTTP/1.1" 401 1381 "-" "Hydra v9.5 (www.thc.org/thc-hydra)"
185.220.101.45 - - [01/Jun/2024:02:02:14 +0000] "POST /wp-admin HTTP/1.1" 500 2114 "-" "Medusa v2.3"
45.33.32.156 - - [01/Jun/2024:02:02:15 +0000] "POST /admin/dashboard HTTP/1.1" 401 1211 "-" "python-requests/2.28.0"
23.94.3.173 - - [01/Jun/2024:02:02:15 +0000] "POST /user/login HTTP/1.1" 403 1571 "-" "sqlmap/1.7.11#stable (https://sqlmap.org)"
185.220.101.45 - - [01/Jun/2024:02:02:15 +0000] "POST /admin/dashboard HTTP/1.1" 401 1479 "-" "Hydra v9.5 (www.thc.org/thc-hydra)"
23.94.3.173 - - [01/Jun/2024:02:02:15 +0000] "POST /admin/dashboard HTTP/1.1" 401 779 "-" "Hydra v9.5 (www.thc.org/thc-hydra)"
151.101.54.152 - - [01/Jun/2024:02:02:16 +0000] "GET /favicon.ico HTTP/1.1" 304 289 "https://google.com" "Mozilla/5.0 (iPhone; CPU iPhone OS 17_4_1 like Mac OS X) AppleWebKit/605.1.15 Mobile/15E148 Safari/604.1"
198.20.69.74 - - [01/Jun/2024:02:02:16 +0000] "POST /wp-admin HTTP/1.1" 429 1275 "-" "sqlmap/1.7.11#stable (https://sqlmap.org)"
104.236.179.97 - - [01/Jun/2024:02:02:16 +0000] "POST /user/login HTTP/1.1" 401 3573 "-" "sqlmap/1.7.11#stable (https://sqlmap.org)"
198.20.69.74 - - [01/Jun/2024:02:02:16 +0000] "POST /administrator HTTP/1.1" 401 3117 "-" "sqlmap/1.7.11#stable (https://sqlmap.org)"
104.236.179.97 - - [01/Jun/2024:02:02:17 +0000] "POST /admin/login HTTP/1.1" 403 2176 "-" "sqlmap/1.7.11#stable (https://sqlmap.org)"
104.236.179.97 - - [01/Jun/2024:02:02:17 +0000] "POST /admin/dashboard HTTP/1.1" 401 3006 "-" "-"
45.33.32.156 - - [01/Jun/2024:02:02:17 +0000] "POST /wp-admin HTTP/1.1" 401 2098 "-" "-"
185.220.101.45 - - [01/Jun/2024:02:02:18 +0000] "POST /wp-login.php HTTP/1.1" 401 2615 "-" "sqlmap/1.7.11#stable (https://sqlmap.org)"
185.220.101.45 - - [01/Jun/2024:02:02:18 +0000] "POST /wp-admin HTTP/1.1" 401 1436 "-" "Hydra v9.5 (www.thc.org/thc-hydra)"
23.94.3.173 - - [01/Jun/2024:02:02:18 +0000] "POST /administrator HTTP/1.1" 403 3419 "-" "Medusa v2.3"
104.236.179.97 - - [01/Jun/2024:02:02:18 +0000] "POST /login HTTP/1.1" 401 3373 "-" "Medusa v2.3"
185.220.101.45 - - [01/Jun/2024:02:02:19 +0000] "POST /admin/dashboard HTTP/1.1" 401 388 "-" "Hydra v9.5 (www.thc.org/thc-hydra)"
23.94.3.173 - - [01/Jun/2024:02:02:19 +0000] "POST /admin HTTP/1.1" 401 270 "-" "Hydra v9.5 (www.thc.org/thc-hydra)"
45.33.32.156 - - [01/Jun/2024:02:02:19 +0000] "POST /admin HTTP/1.1" 429 229 "-" "Hydra v9.5 (www.thc.org/thc-hydra)"
23.94.3.173 - - [01/Jun/2024:02:02:20 +0000] "POST /admin HTTP/1.1" 429 3327 "-" "sqlmap/1.7.11#stable (https://sqlmap.org)"
185.220.101.45 - - [01/Jun/2024:02:02:20 +0000] "POST /admin/dashboard HTTP/1.1" 401 449 "-" "sqlmap/1.7.11#stable (https://sqlmap.org)"
104.236.179.97 - - [01/Jun/2024:02:02:20 +0000] "POST /admin HTTP/1.1" 200 37727 "-" "sqlmap/1.7.11#stable (https://sqlmap.org)"
45.33.32.156 - - [01/Jun/2024:02:02:21 +0000] "POST /admin/login HTTP/1.1" 403 3569 "-" "python-requests/2.28.0"
185.220.101.45 - - [01/Jun/2024:02:02:21 +0000] "POST /wp-login.php HTTP/1.1" 403 1776 "-" "-"
185.220.101.45 - - [01/Jun/2024:02:02:21 +0000] "POST /wp-admin HTTP/1.1" 401 4068 "-" "sqlmap/1.7.11#stable (https://sqlmap.org)"
198.20.69.74 - - [01/Jun/2024:02:02:21 +0000] "POST /wp-login.php HTTP/1.1" 401 3195 "-" "sqlmap/1.7.11#stable (https://sqlmap.org)"
185.220.101.45 - - [01/Jun/2024:02:02:22 +0000] "POST /admin HTTP/1.1" 401 3986 "-" "Medusa v2.3"
45.33.32.156 - - [01/Jun/2024:02:02:22 +0000] "POST /wp-admin HTTP/1.1" 401 2705 "-" "sqlmap/1.7.11#stable (https://sqlmap.org)"
23.94.3.173 - - [01/Jun/2024:02:02:22 +0000] "POST /login HTTP/1.1" 401 1944 "-" "sqlmap/1.7.11#stable (https://sqlmap.org)"
185.220.101.45 - - [01/Jun/2024:02:02:23 +0000] "POST /login HTTP/1.1" 401 1225 "-" "sqlmap/1.7.11#stable (https://sqlmap.org)"
23.94.3.173 - - [01/Jun/2024:02:02:23 +0000] "POST /wp-login.php HTTP/1.1" 403 2161 "-" "python-requests/2.28.0"
185.220.101.45 - - [01/Jun/2024:02:02:23 +0000] "POST /login HTTP/1.1" 401 1175 "-" "Medusa v2.3"
192.168.40.56 - - [01/Jun/2024:02:02:24 +0000] "POST / HTTP/2.0" 503 1064 "https://example.com" "Mozilla/5.0 (Macintosh; Intel Mac OS X 10_15_7) AppleWebKit/605.1.15 (KHTML, like Gecko) Version/17.4 Safari/605.1.15"
23.94.3.173 - - [01/Jun/2024:02:02:24 +0000] "POST /user/login HTTP/1.1" 401 3231 "-" "Hydra v9.5 (www.thc.org/thc-hydra)"
23.94.3.173 - - [01/Jun/2024:02:02:24 +0000] "POST /user/login HTTP/1.1" 401 3338 "-" "sqlmap/1.7.11#stable (https://sqlmap.org)"
23.94.3.173 - - [01/Jun/2024:02:02:24 +0000] "POST /login HTTP/1.1" 401 3613 "-" "python-requests/2.28.0"
104.236.179.97 - - [01/Jun/2024:02:02:24 +0000] "POST /user/login HTTP/1.1" 401 3960 "-" "Hydra v9.5 (www.thc.org/thc-hydra)"
198.20.69.74 - - [01/Jun/2024:02:02:25 +0000] "POST /wp-admin HTTP/1.1" 401 4071 "-" "-"
104.236.179.97 - - [01/Jun/2024:02:02:25 +0000] "POST /admin/dashboard HTTP/1.1" 429 390 "-" "sqlmap/1.7.11#stable (https://sqlmap.org)"
23.94.3.173 - - [01/Jun/2024:02:02:25 +0000] "POST /admin/login HTTP/1.1" 401 3413 "-" "python-requests/2.28.0"
104.236.179.97 - - [01/Jun/2024:02:02:26 +0000] "POST /admin HTTP/1.1" 403 2379 "-" "sqlmap/1.7.11#stable (https://sqlmap.org)"
104.236.179.97 - - [01/Jun/2024:02:02:26 +0000] "POST /admin/dashboard HTTP/1.1" 401 2907 "-" "sqlmap/1.7.11#stable (https://sqlmap.org)"
45.33.32.156 - - [01/Jun/2024:02:02:26 +0000] "POST /admin/dashboard HTTP/1.1" 403 1309 "-" "python-requests/2.28.0"
45.33.32.156 - - [01/Jun/2024:02:02:27 +0000] "POST /wp-admin HTTP/1.1" 401 1691 "-" "Medusa v2.3"
45.33.32.156 - - [01/Jun/2024:02:02:27 +0000] "POST /user/login HTTP/1.1" 401 2234 "-" "python-requests/2.28.0"
23.94.3.173 - - [01/Jun/2024:02:02:27 +0000] "POST /admin/dashboard HTTP/1.1" 403 2705 "-" "-"
185.220.101.45 - - [01/Jun/2024:02:02:27 +0000] "POST /wp-login.php HTTP/1.1" 401 2014 "-" "sqlmap/1.7.11#stable (https://sqlmap.org)"
198.20.69.74 - - [01/Jun/2024:02:02:28 +0000] "POST /admin HTTP/1.1" 401 319 "-" "python-requests/2.28.0"
23.94.3.173 - - [01/Jun/2024:02:02:28 +0000] "POST /admin HTTP/1.1" 401 3989 "-" "Hydra v9.5 (www.thc.org/thc-hydra)"
23.94.3.173 - - [01/Jun/2024:02:02:28 +0000] "POST /wp-login.php HTTP/1.1" 401 3413 "-" "Hydra v9.5 (www.thc.org/thc-hydra)"
45.33.32.156 - - [01/Jun/2024:02:02:29 +0000] "POST /admin HTTP/1.1" 401 3724 "-" "sqlmap/1.7.11#stable (https://sqlmap.org)"
23.94.3.173 - - [01/Jun/2024:02:02:29 +0000] "POST /admin/dashboard HTTP/1.1" 403 249 "-" "Medusa v2.3"
185.220.101.45 - - [01/Jun/2024:02:02:29 +0000] "POST /admin HTTP/1.1" 401 1303 "-" "sqlmap/1.7.11#stable (https://sqlmap.org)"
104.236.179.97 - - [01/Jun/2024:02:02:30 +0000] "POST /admin/dashboard HTTP/1.1" 401 1031 "-" "Hydra v9.5 (www.thc.org/thc-hydra)"
198.20.69.74 - - [01/Jun/2024:02:02:30 +0000] "POST /wp-login.php HTTP/1.1" 403 3091 "-" "python-requests/2.28.0"
104.236.179.97 - - [01/Jun/2024:02:02:30 +0000] "POST /admin/login HTTP/1.1" 401 546 "-" "python-requests/2.28.0"
45.33.32.156 - - [01/Jun/2024:02:02:30 +0000] "POST /wp-admin HTTP/1.1" 401 3814 "-" "sqlmap/1.7.11#stable (https://sqlmap.org)"
45.33.32.156 - - [01/Jun/2024:02:02:31 +0000] "POST /admin/login HTTP/1.1" 401 1755 "-" "Medusa v2.3"
198.20.69.74 - - [01/Jun/2024:02:02:31 +0000] "POST /admin HTTP/1.1" 429 2612 "-" "python-requests/2.28.0"
23.94.3.173 - - [01/Jun/2024:02:02:31 +0000] "POST /user/login HTTP/1.1" 401 2426 "-" "Medusa v2.3"
23.94.3.173 - - [01/Jun/2024:02:02:32 +0000] "POST /admin/login HTTP/1.1" 401 2128 "-" "Hydra v9.5 (www.thc.org/thc-hydra)"
198.20.69.74 - - [01/Jun/2024:02:02:32 +0000] "POST /administrator HTTP/1.1" 403 1640 "-" "Medusa v2.3"
198.20.69.74 - - [01/Jun/2024:02:02:32 +0000] "POST /admin/login HTTP/1.1" 200 43690 "-" "python-requests/2.28.0"
192.168.72.117 - - [01/Jun/2024:02:02:33 +0000] "POST /robots.txt HTTP/1.1" 200 9241 "https://bing.com" "python-requests/2.31.0"
185.220.101.45 - - [01/Jun/2024:02:02:33 +0000] "POST /admin HTTP/1.1" 401 420 "-" "Hydra v9.5 (www.thc.org/thc-hydra)"
104.236.179.97 - - [01/Jun/2024:02:02:33 +0000] "POST /admin HTTP/1.1" 429 2072 "-" "-"
23.94.3.173 - - [01/Jun/2024:02:02:33 +0000] "POST /login HTTP/1.1" 401 1596 "-" "Medusa v2.3"
185.220.101.45 - - [01/Jun/2024:02:02:33 +0000] "POST /user/login HTTP/1.1" 200 54563 "-" "Medusa v2.3"
23.94.3.173 - - [01/Jun/2024:02:02:34 +0000] "POST /admin HTTP/1.1" 429 597 "-" "python-requests/2.28.0"
198.20.69.74 - - [01/Jun/2024:02:02:34 +0000] "POST /admin/dashboard HTTP/1.1" 403 2506 "-" "-"
185.220.101.45 - - [01/Jun/2024:02:02:34 +0000] "POST /administrator HTTP/1.1" 403 1710 "-" "Medusa v2.3"
23.94.3.173 - - [01/Jun/2024:02:02:35 +0000] "POST /user/login HTTP/1.1" 401 3944 "-" "Medusa v2.3"
104.236.179.97 - - [01/Jun/2024:02:02:35 +0000] "POST /login HTTP/1.1" 403 1045 "-" "-"
198.20.69.74 - - [01/Jun/2024:02:02:35 +0000] "POST /admin/login HTTP/1.1" 401 3540 "-" "sqlmap/1.7.11#stable (https://sqlmap.org)"
185.220.101.45 - - [01/Jun/2024:02:02:36 +0000] "POST /admin/dashboard HTTP/1.1" 429 2488 "-" "Hydra v9.5 (www.thc.org/thc-hydra)"
104.236.179.97 - - [01/Jun/2024:02:02:36 +0000] "POST /login HTTP/1.1" 401 2644 "-" "Hydra v9.5 (www.thc.org/thc-hydra)"
23.94.3.173 - - [01/Jun/2024:02:02:36 +0000] "POST /login HTTP/1.1" 401 428 "-" "sqlmap/1.7.11#stable (https://sqlmap.org)"
45.33.32.156 - - [01/Jun/2024:02:02:36 +0000] "POST /administrator HTTP/1.1" 401 1800 "-" "sqlmap/1.7.11#stable (https://sqlmap.org)"
185.220.101.45 - - [01/Jun/2024:02:02:37 +0000] "POST /wp-login.php HTTP/1.1" 403 4064 "-" "-"
185.220.101.45 - - [01/Jun/2024:02:02:37 +0000] "POST /admin HTTP/1.1" 200 591 "-" "sqlmap/1.7.11#stable (https://sqlmap.org)"
185.220.101.45 - - [01/Jun/2024:02:02:37 +0000] "POST /wp-admin HTTP/1.1" 401 1340 "-" "python-requests/2.28.0"
185.220.101.45 - - [01/Jun/2024:02:02:38 +0000] "POST /admin/dashboard HTTP/1.1" 401 905 "-" "Hydra v9.5 (www.thc.org/thc-hydra)"
45.33.32.156 - - [01/Jun/2024:02:02:38 +0000] "POST /wp-login.php HTTP/1.1" 401 2122 "-" "python-requests/2.28.0"
198.20.69.74 - - [01/Jun/2024:02:02:38 +0000] "POST /admin/dashboard HTTP/1.1" 200 62029 "-" "Medusa v2.3"
104.236.179.97 - - [01/Jun/2024:02:02:39 +0000] "POST /admin HTTP/1.1" 403 617 "-" "sqlmap/1.7.11#stable (https://sqlmap.org)"
185.220.101.45 - - [01/Jun/2024:02:02:39 +0000] "POST /admin/login HTTP/1.1" 401 973 "-" "sqlmap/1.7.11#stable (https://sqlmap.org)"
185.220.101.45 - - [01/Jun/2024:02:02:39 +0000] "POST /admin/dashboard HTTP/1.1" 403 597 "-" "python-requests/2.28.0"
23.94.3.173 - - [01/Jun/2024:02:02:39 +0000] "POST /wp-admin HTTP/1.1" 403 737 "-" "Hydra v9.5 (www.thc.org/thc-hydra)"
23.94.3.173 - - [01/Jun/2024:02:02:40 +0000] "POST /admin HTTP/1.1" 403 1887 "-" "-"
198.20.69.74 - - [01/Jun/2024:02:02:40 +0000] "POST /wp-admin HTTP/1.1" 401 2662 "-" "-"
185.220.101.45 - - [01/Jun/2024:02:02:40 +0000] "POST /user/login HTTP/1.1" 401 161 "-" "Hydra v9.5 (www.thc.org/thc-hydra)"
198.20.69.74 - - [01/Jun/2024:02:02:41 +0000] "POST /admin HTTP/1.1" 403 3107 "-" "Hydra v9.5 (www.thc.org/thc-hydra)"
198.20.69.74 - - [01/Jun/2024:02:02:41 +0000] "POST /admin/login HTTP/1.1" 403 2285 "-" "Hydra v9.5 (www.thc.org/thc-hydra)"
23.94.3.173 - - [01/Jun/2024:02:02:41 +0000] "POST /admin HTTP/1.1" 401 3737 "-" "-"
192.168.95.91 - - [01/Jun/2024:02:02:42 +0000] "GET /static/app.js HTTP/2.0" 400 1149 "-" "Mozilla/5.0 (Windows NT 10.0; Win64; x64) AppleWebKit/537.36 (KHTML, like Gecko) Chrome/124.0.0.0 Safari/537.36"
198.20.69.74 - - [01/Jun/2024:02:02:42 +0000] "POST /wp-login.php HTTP/1.1" 403 2658 "-" "-"
104.236.179.97 - - [01/Jun/2024:02:02:42 +0000] "POST /admin/login HTTP/1.1" 429 1382 "-" "Hydra v9.5 (www.thc.org/thc-hydra)"
185.220.101.45 - - [01/Jun/2024:02:02:42 +0000] "POST /wp-login.php HTTP/1.1" 401 2900 "-" "-"
104.236.179.97 - - [01/Jun/2024:02:02:42 +0000] "POST /wp-admin HTTP/1.1" 403 3159 "-" "python-requests/2.28.0"
185.220.101.45 - - [01/Jun/2024:02:02:43 +0000] "POST /admin HTTP/1.1" 200 58432 "-" "sqlmap/1.7.11#stable (https://sqlmap.org)"
45.33.32.156 - - [01/Jun/2024:02:02:43 +0000] "POST /wp-admin HTTP/1.1" 401 1845 "-" "Medusa v2.3"
45.33.32.156 - - [01/Jun/2024:02:02:43 +0000] "POST /login HTTP/1.1" 401 2146 "-" "python-requests/2.28.0"
45.33.32.156 - - [01/Jun/2024:02:02:44 +0000] "POST /administrator HTTP/1.1" 403 2532 "-" "sqlmap/1.7.11#stable (https://sqlmap.org)"
23.94.3.173 - - [01/Jun/2024:02:02:44 +0000] "POST /admin/login HTTP/1.1" 403 2273 "-" "python-requests/2.28.0"
185.220.101.45 - - [01/Jun/2024:02:02:44 +0000] "POST /administrator HTTP/1.1" 401 2918 "-" "Hydra v9.5 (www.thc.org/thc-hydra)"
192.168.242.146 - - [01/Jun/2024:02:02:45 +0000] "GET /blog/post-1 HTTP/2.0" 404 2583 "-" "Mozilla/5.0 (Windows NT 10.0; Win64; x64) AppleWebKit/537.36 (KHTML, like Gecko) Chrome/124.0.0.0 Safari/537.36"
45.33.32.156 - - [01/Jun/2024:02:02:45 +0000] "POST /wp-login.php HTTP/1.1" 429 4006 "-" "Hydra v9.5 (www.thc.org/thc-hydra)"
23.94.3.173 - - [01/Jun/2024:02:02:45 +0000] "POST /admin/dashboard HTTP/1.1" 401 3067 "-" "python-requests/2.28.0"
23.94.3.173 - - [01/Jun/2024:02:02:45 +0000] "POST /wp-admin HTTP/1.1" 401 1427 "-" "-"
104.236.179.97 - - [01/Jun/2024:02:02:45 +0000] "POST /login HTTP/1.1" 401 1408 "-" "Medusa v2.3"
185.220.101.45 - - [01/Jun/2024:02:02:46 +0000] "POST /user/login HTTP/1.1" 401 1031 "-" "python-requests/2.28.0"
185.220.101.45 - - [01/Jun/2024:02:02:46 +0000] "POST /administrator HTTP/1.1" 429 3592 "-" "-"
104.236.179.97 - - [01/Jun/2024:02:02:46 +0000] "POST /admin HTTP/1.1" 401 2735 "-" "Hydra v9.5 (www.thc.org/thc-hydra)"
104.236.179.97 - - [01/Jun/2024:02:02:47 +0000] "POST /wp-login.php HTTP/1.1" 403 401 "-" "sqlmap/1.7.11#stable (https://sqlmap.org)"
23.94.3.173 - - [01/Jun/2024:02:02:47 +0000] "POST /admin/dashboard HTTP/1.1" 429 1967 "-" "sqlmap/1.7.11#stable (https://sqlmap.org)"
198.20.69.74 - - [01/Jun/2024:02:02:47 +0000] "POST /admin/dashboard HTTP/1.1" 401 1554 "-" "python-requests/2.28.0"
23.94.3.173 - - [01/Jun/2024:02:02:48 +0000] "POST /admin HTTP/1.1" 401 1594 "-" "-"
104.236.179.97 - - [01/Jun/2024:02:02:48 +0000] "POST /admin/login HTTP/1.1" 401 225 "-" "sqlmap/1.7.11#stable (https://sqlmap.org)"
185.220.101.45 - - [01/Jun/2024:02:02:48 +0000] "POST /admin/dashboard HTTP/1.1" 429 231 "-" "-"
198.20.69.74 - - [01/Jun/2024:02:02:48 +0000] "POST /admin/login HTTP/1.1" 403 2711 "-" "-"
198.20.69.74 - - [01/Jun/2024:02:02:49 +0000] "POST /wp-admin HTTP/1.1" 429 3534 "-" "Hydra v9.5 (www.thc.org/thc-hydra)"
45.33.32.156 - - [01/Jun/2024:02:02:49 +0000] "POST /user/login HTTP/1.1" 403 2236 "-" "-"
198.20.69.74 - - [01/Jun/2024:02:02:49 +0000] "POST /user/login HTTP/1.1" 401 1848 "-" "Medusa v2.3"
104.236.179.97 - - [01/Jun/2024:02:02:50 +0000] "POST /admin/login HTTP/1.1" 401 2033 "-" "Hydra v9.5 (www.thc.org/thc-hydra)"
45.33.32.156 - - [01/Jun/2024:02:02:50 +0000] "POST /user/login HTTP/1.1" 403 2354 "-" "Medusa v2.3"
198.20.69.74 - - [01/Jun/2024:02:02:50 +0000] "POST /wp-login.php HTTP/1.1" 403 384 "-" "python-requests/2.28.0"
198.20.69.74 - - [01/Jun/2024:02:02:51 +0000] "POST /admin/dashboard HTTP/1.1" 403 957 "-" "python-requests/2.28.0"
104.236.179.97 - - [01/Jun/2024:02:02:51 +0000] "POST /administrator HTTP/1.1" 401 474 "-" "sqlmap/1.7.11#stable (https://sqlmap.org)"
45.33.32.156 - - [01/Jun/2024:02:02:51 +0000] "POST /admin HTTP/1.1" 401 570 "-" "-"
104.236.179.97 - - [01/Jun/2024:02:02:51 +0000] "POST /wp-login.php HTTP/1.1" 403 627 "-" "python-requests/2.28.0"
198.20.69.74 - - [01/Jun/2024:02:02:52 +0000] "POST /login HTTP/1.1" 401 1813 "-" "sqlmap/1.7.11#stable (https://sqlmap.org)"
23.94.3.173 - - [01/Jun/2024:02:02:52 +0000] "POST /wp-admin HTTP/1.1" 401 728 "-" "-"
198.20.69.74 - - [01/Jun/2024:02:02:52 +0000] "POST /wp-admin HTTP/1.1" 403 2896 "-" "Hydra v9.5 (www.thc.org/thc-hydra)"
104.236.179.97 - - [01/Jun/2024:02:02:53 +0000] "POST /user/login HTTP/1.1" 401 938 "-" "-"
45.33.32.156 - - [01/Jun/2024:02:02:53 +0000] "POST /admin/login HTTP/1.1" 403 2394 "-" "sqlmap/1.7.11#stable (https://sqlmap.org)"
185.220.101.45 - - [01/Jun/2024:02:02:53 +0000] "POST /admin/dashboard HTTP/1.1" 403 1005 "-" "sqlmap/1.7.11#stable (https://sqlmap.org)"
23.94.3.173 - - [01/Jun/2024:02:02:54 +0000] "POST /admin/dashboard HTTP/1.1" 403 3524 "-" "-"
23.94.3.173 - - [01/Jun/2024:02:02:54 +0000] "POST /wp-login.php HTTP/1.1" 401 945 "-" "sqlmap/1.7.11#stable (https://sqlmap.org)"
104.236.179.97 - - [01/Jun/2024:02:02:54 +0000] "POST /wp-login.php HTTP/1.1" 401 177 "-" "python-requests/2.28.0"
45.33.32.156 - - [01/Jun/2024:02:02:54 +0000] "POST /wp-login.php HTTP/1.1" 401 117 "-" "sqlmap/1.7.11#stable (https://sqlmap.org)"
185.220.101.45 - - [01/Jun/2024:02:02:55 +0000] "POST /administrator HTTP/1.1" 401 508 "-" "Medusa v2.3"
45.33.32.156 - - [01/Jun/2024:02:02:55 +0000] "POST /wp-login.php HTTP/1.1" 401 3972 "-" "python-requests/2.28.0"
198.20.69.74 - - [01/Jun/2024:02:02:55 +0000] "POST /admin/login HTTP/1.1" 401 587 "-" "Medusa v2.3"
45.33.32.156 - - [01/Jun/2024:02:02:56 +0000] "POST /login HTTP/1.1" 403 4049 "-" "python-requests/2.28.0"
185.220.101.45 - - [01/Jun/2024:02:02:56 +0000] "POST /admin/dashboard HTTP/1.1" 401 3044 "-" "Hydra v9.5 (www.thc.org/thc-hydra)"
45.33.32.156 - - [01/Jun/2024:02:02:56 +0000] "POST /admin/login HTTP/1.1" 403 1625 "-" "Hydra v9.5 (www.thc.org/thc-hydra)"
192.168.138.32 - - [01/Jun/2024:02:02:57 +0000] "POST /faq HTTP/2.0" 301 135 "-" "Mozilla/5.0 (Android 14; Mobile; rv:125.0) Gecko/125.0 Firefox/125.0"
198.20.69.74 - - [01/Jun/2024:02:02:57 +0000] "POST /admin/login HTTP/1.1" 403 2363 "-" "sqlmap/1.7.11#stable (https://sqlmap.org)"
104.236.179.97 - - [01/Jun/2024:02:02:57 +0000] "POST /wp-admin HTTP/1.1" 500 2753 "-" "python-requests/2.28.0"
104.236.179.97 - - [01/Jun/2024:02:02:57 +0000] "POST /wp-login.php HTTP/1.1" 403 4010 "-" "Medusa v2.3"
23.94.3.173 - - [01/Jun/2024:02:02:57 +0000] "POST /admin/login HTTP/1.1" 429 3156 "-" "Hydra v9.5 (www.thc.org/thc-hydra)"
185.220.101.45 - - [01/Jun/2024:02:02:58 +0000] "POST /admin HTTP/1.1" 401 3846 "-" "Medusa v2.3"
198.20.69.74 - - [01/Jun/2024:02:02:58 +0000] "POST /administrator HTTP/1.1" 401 1883 "-" "Hydra v9.5 (www.thc.org/thc-hydra)"
23.94.3.173 - - [01/Jun/2024:02:02:58 +0000] "POST /admin/login HTTP/1.1" 401 1005 "-" "sqlmap/1.7.11#stable (https://sqlmap.org)"
23.94.3.173 - - [01/Jun/2024:02:02:59 +0000] "POST /login HTTP/1.1" 429 181 "-" "Medusa v2.3"
104.236.179.97 - - [01/Jun/2024:02:02:59 +0000] "POST /login HTTP/1.1" 403 2528 "-" "python-requests/2.28.0"
45.33.32.156 - - [01/Jun/2024:02:02:59 +0000] "POST /admin/dashboard HTTP/1.1" 401 3740 "-" "Medusa v2.3"
198.20.69.74 - - [01/Jun/2024:02:03:00 +0000] "POST /wp-admin HTTP/1.1" 401 2977 "-" "Medusa v2.3"
104.236.179.97 - - [01/Jun/2024:02:03:00 +0000] "POST /administrator HTTP/1.1" 401 841 "-" "sqlmap/1.7.11#stable (https://sqlmap.org)"
104.236.179.97 - - [01/Jun/2024:02:03:00 +0000] "POST /administrator HTTP/1.1" 401 1914 "-" "Medusa v2.3"
23.94.3.173 - - [01/Jun/2024:02:03:00 +0000] "POST /admin HTTP/1.1" 401 871 "-" "python-requests/2.28.0"
185.220.101.45 - - [01/Jun/2024:02:03:01 +0000] "POST /wp-admin HTTP/1.1" 401 1351 "-" "Medusa v2.3"
23.94.3.173 - - [01/Jun/2024:02:03:01 +0000] "POST /admin/login HTTP/1.1" 401 1124 "-" "Medusa v2.3"
45.33.32.156 - - [01/Jun/2024:02:03:01 +0000] "POST /admin/dashboard HTTP/1.1" 401 2434 "-" "Medusa v2.3"
185.220.101.45 - - [01/Jun/2024:02:03:02 +0000] "POST /login HTTP/1.1" 403 546 "-" "Medusa v2.3"
198.20.69.74 - - [01/Jun/2024:02:03:02 +0000] "POST /wp-admin HTTP/1.1" 401 3005 "-" "-"
185.220.101.45 - - [01/Jun/2024:02:03:02 +0000] "POST /login HTTP/1.1" 401 2205 "-" "Hydra v9.5 (www.thc.org/thc-hydra)"
192.168.88.72 - - [01/Jun/2024:02:03:03 +0000] "GET /images/logo.png HTTP/2.0" 404 640 "-" "Mozilla/5.0 (X11; Linux x86_64; rv:125.0) Gecko/20100101 Firefox/125.0"
104.236.179.97 - - [01/Jun/2024:02:03:03 +0000] "POST /admin HTTP/1.1" 401 2179 "-" "-"
185.220.101.45 - - [01/Jun/2024:02:03:03 +0000] "POST /wp-admin HTTP/1.1" 401 3871 "-" "python-requests/2.28.0"
104.236.179.97 - - [01/Jun/2024:02:03:03 +0000] "POST /admin HTTP/1.1" 403 3162 "-" "Hydra v9.5 (www.thc.org/thc-hydra)"
185.220.101.45 - - [01/Jun/2024:02:03:03 +0000] "POST /user/login HTTP/1.1" 401 3623 "-" "-"
198.20.69.74 - - [01/Jun/2024:02:03:04 +0000] "POST /administrator HTTP/1.1" 403 3929 "-" "sqlmap/1.7.11#stable (https://sqlmap.org)"
198.20.69.74 - - [01/Jun/2024:02:03:04 +0000] "POST /user/login HTTP/1.1" 403 3712 "-" "-"
104.236.179.97 - - [01/Jun/2024:02:03:04 +0000] "POST /admin/login HTTP/1.1" 401 3105 "-" "-"
185.220.101.45 - - [01/Jun/2024:02:03:05 +0000] "POST /admin HTTP/1.1" 401 3241 "-" "Medusa v2.3"
198.20.69.74 - - [01/Jun/2024:02:03:05 +0000] "POST /user/login HTTP/1.1" 401 1094 "-" "sqlmap/1.7.11#stable (https://sqlmap.org)"
185.220.101.45 - - [01/Jun/2024:02:03:05 +0000] "POST /login HTTP/1.1" 401 2133 "-" "-"
104.236.179.97 - - [01/Jun/2024:02:03:06 +0000] "POST /wp-login.php HTTP/1.1" 403 1380 "-" "python-requests/2.28.0"
104.236.179.97 - - [01/Jun/2024:02:03:06 +0000] "POST /wp-login.php HTTP/1.1" 401 3581 "-" "sqlmap/1.7.11#stable (https://sqlmap.org)"
23.94.3.173 - - [01/Jun/2024:02:03:06 +0000] "POST /admin/login HTTP/1.1" 403 654 "-" "python-requests/2.28.0"
104.236.179.97 - - [01/Jun/2024:02:03:06 +0000] "POST /wp-admin HTTP/1.1" 401 1951 "-" "Medusa v2.3"
185.220.101.45 - - [01/Jun/2024:02:03:07 +0000] "POST /admin/dashboard HTTP/1.1" 401 3378 "-" "Medusa v2.3"
198.20.69.74 - - [01/Jun/2024:02:03:07 +0000] "POST /wp-admin HTTP/1.1" 429 2212 "-" "Medusa v2.3"
185.220.101.45 - - [01/Jun/2024:02:03:07 +0000] "POST /user/login HTTP/1.1" 403 2983 "-" "-"
23.94.3.173 - - [01/Jun/2024:02:03:08 +0000] "POST /administrator HTTP/1.1" 401 3197 "-" "Hydra v9.5 (www.thc.org/thc-hydra)"
23.94.3.173 - - [01/Jun/2024:02:03:08 +0000] "POST /admin HTTP/1.1" 401 2255 "-" "Medusa v2.3"
198.20.69.74 - - [01/Jun/2024:02:03:08 +0000] "POST /login HTTP/1.1" 401 4012 "-" "Hydra v9.5 (www.thc.org/thc-hydra)"
45.33.32.156 - - [01/Jun/2024:02:03:09 +0000] "POST /admin HTTP/1.1" 403 3541 "-" "python-requests/2.28.0"
23.94.3.173 - - [01/Jun/2024:02:03:09 +0000] "POST /admin HTTP/1.1" 429 2910 "-" "Hydra v9.5 (www.thc.org/thc-hydra)"
104.236.179.97 - - [01/Jun/2024:02:03:09 +0000] "POST /login HTTP/1.1" 401 2289 "-" "Hydra v9.5 (www.thc.org/thc-hydra)"
23.94.3.173 - - [01/Jun/2024:02:03:09 +0000] "POST /admin/login HTTP/1.1" 401 3030 "-" "-"
104.236.179.97 - - [01/Jun/2024:02:03:10 +0000] "POST /wp-admin HTTP/1.1" 429 1774 "-" "-"
185.220.101.45 - - [01/Jun/2024:02:03:10 +0000] "POST /admin/login HTTP/1.1" 429 1464 "-" "sqlmap/1.7.11#stable (https://sqlmap.org)"
198.20.69.74 - - [01/Jun/2024:02:03:10 +0000] "POST /admin/login HTTP/1.1" 429 2899 "-" "python-requests/2.28.0"
104.236.179.97 - - [01/Jun/2024:02:03:11 +0000] "POST /user/login HTTP/1.1" 401 2944 "-" "Medusa v2.3"
45.33.32.156 - - [01/Jun/2024:02:03:11 +0000] "POST /user/login HTTP/1.1" 401 2533 "-" "sqlmap/1.7.11#stable (https://sqlmap.org)"
198.20.69.74 - - [01/Jun/2024:02:03:11 +0000] "POST /admin/login HTTP/1.1" 401 2074 "-" "python-requests/2.28.0"
45.33.32.156 - - [01/Jun/2024:02:03:12 +0000] "POST /administrator HTTP/1.1" 429 2496 "-" "Hydra v9.5 (www.thc.org/thc-hydra)"
104.236.179.97 - - [01/Jun/2024:02:03:12 +0000] "POST /administrator HTTP/1.1" 403 271 "-" "Hydra v9.5 (www.thc.org/thc-hydra)"
45.33.32.156 - - [01/Jun/2024:02:03:12 +0000] "POST /admin HTTP/1.1" 401 401 "-" "Hydra v9.5 (www.thc.org/thc-hydra)"
23.94.3.173 - - [01/Jun/2024:02:03:12 +0000] "POST /wp-login.php HTTP/1.1" 429 3347 "-" "Medusa v2.3"
151.101.136.174 - - [01/Jun/2024:02:03:13 +0000] "GET /blog/post-2 HTTP/1.1" 200 64640 "https://google.com" "Mozilla/5.0 (iPhone; CPU iPhone OS 17_4_1 like Mac OS X) AppleWebKit/605.1.15 Mobile/15E148 Safari/604.1"
185.220.101.45 - - [01/Jun/2024:02:03:13 +0000] "POST /user/login HTTP/1.1" 403 555 "-" "Hydra v9.5 (www.thc.org/thc-hydra)"
45.33.32.156 - - [01/Jun/2024:02:03:13 +0000] "POST /wp-admin HTTP/1.1" 429 2545 "-" "sqlmap/1.7.11#stable (https://sqlmap.org)"
198.20.69.74 - - [01/Jun/2024:02:03:13 +0000] "POST /login HTTP/1.1" 403 1430 "-" "sqlmap/1.7.11#stable (https://sqlmap.org)"
23.94.3.173 - - [01/Jun/2024:02:03:14 +0000] "POST /admin HTTP/1.1" 429 791 "-" "Hydra v9.5 (www.thc.org/thc-hydra)"
185.220.101.45 - - [01/Jun/2024:02:03:14 +0000] "POST /login HTTP/1.1" 401 1312 "-" "Medusa v2.3"
23.94.3.173 - - [01/Jun/2024:02:03:14 +0000] "POST /administrator HTTP/1.1" 401 117 "-" "Medusa v2.3"
104.236.179.97 - - [01/Jun/2024:02:03:15 +0000] "POST /administrator HTTP/1.1" 401 309 "-" "Hydra v9.5 (www.thc.org/thc-hydra)"
23.94.3.173 - - [01/Jun/2024:02:03:15 +0000] "POST /administrator HTTP/1.1" 401 2146 "-" "python-requests/2.28.0"
23.94.3.173 - - [01/Jun/2024:02:03:15 +0000] "POST /wp-login.php HTTP/1.1" 429 986 "-" "Hydra v9.5 (www.thc.org/thc-hydra)"
198.20.69.74 - - [01/Jun/2024:02:03:15 +0000] "POST /wp-admin HTTP/1.1" 401 2560 "-" "sqlmap/1.7.11#stable (https://sqlmap.org)"
104.236.179.97 - - [01/Jun/2024:02:03:16 +0000] "POST /admin/dashboard HTTP/1.1" 401 2228 "-" "Hydra v9.5 (www.thc.org/thc-hydra)"
198.20.69.74 - - [01/Jun/2024:02:03:16 +0000] "POST /admin/dashboard HTTP/1.1" 403 3457 "-" "Hydra v9.5 (www.thc.org/thc-hydra)"
23.94.3.173 - - [01/Jun/2024:02:03:16 +0000] "POST /login HTTP/1.1" 401 2908 "-" "Hydra v9.5 (www.thc.org/thc-hydra)"
198.20.69.74 - - [01/Jun/2024:02:03:17 +0000] "POST /user/login HTTP/1.1" 401 1481 "-" "sqlmap/1.7.11#stable (https://sqlmap.org)"
23.94.3.173 - - [01/Jun/2024:02:03:17 +0000] "POST /login HTTP/1.1" 401 3944 "-" "python-requests/2.28.0"
45.33.32.156 - - [01/Jun/2024:02:03:17 +0000] "POST /admin HTTP/1.1" 429 2877 "-" "sqlmap/1.7.11#stable (https://sqlmap.org)"
198.20.69.74 - - [01/Jun/2024:02:03:18 +0000] "POST /wp-admin HTTP/1.1" 401 955 "-" "Medusa v2.3"
104.236.179.97 - - [01/Jun/2024:02:03:18 +0000] "POST /user/login HTTP/1.1" 401 2048 "-" "Hydra v9.5 (www.thc.org/thc-hydra)"
45.33.32.156 - - [01/Jun/2024:02:03:18 +0000] "POST /admin HTTP/1.1" 401 893 "-" "Hydra v9.5 (www.thc.org/thc-hydra)"
198.20.69.74 - - [01/Jun/2024:02:03:18 +0000] "POST /admin HTTP/1.1" 403 745 "-" "-"
23.94.3.173 - - [01/Jun/2024:02:03:19 +0000] "POST /admin/login HTTP/1.1" 401 3582 "-" "Medusa v2.3"
198.20.69.74 - - [01/Jun/2024:02:03:19 +0000] "POST /admin HTTP/1.1" 401 3866 "-" "python-requests/2.28.0"
45.33.32.156 - - [01/Jun/2024:02:03:19 +0000] "POST /admin/login HTTP/1.1" 429 2192 "-" "Hydra v9.5 (www.thc.org/thc-hydra)"
23.94.3.173 - - [01/Jun/2024:02:03:20 +0000] "POST /wp-login.php HTTP/1.1" 401 3292 "-" "sqlmap/1.7.11#stable (https://sqlmap.org)"
104.236.179.97 - - [01/Jun/2024:02:03:20 +0000] "POST /administrator HTTP/1.1" 401 2317 "-" "-"
23.94.3.173 - - [01/Jun/2024:02:03:20 +0000] "POST /admin/login HTTP/1.1" 401 892 "-" "Hydra v9.5 (www.thc.org/thc-hydra)"
198.20.69.74 - - [01/Jun/2024:02:03:21 +0000] "POST /login HTTP/1.1" 429 785 "-" "python-requests/2.28.0"
185.220.101.45 - - [01/Jun/2024:02:03:21 +0000] "POST /wp-login.php HTTP/1.1" 401 2982 "-" "python-requests/2.28.0"
104.236.179.97 - - [01/Jun/2024:02:03:21 +0000] "POST /administrator HTTP/1.1" 401 3708 "-" "Medusa v2.3"
23.94.3.173 - - [01/Jun/2024:02:03:21 +0000] "POST /admin/dashboard HTTP/1.1" 403 3466 "-" "sqlmap/1.7.11#stable (https://sqlmap.org)"
192.168.142.76 - - [01/Jun/2024:02:03:22 +0000] "GET /favicon.ico HTTP/2.0" 404 1178 "https://bing.com" "Mozilla/5.0 (Android 14; Mobile; rv:125.0) Gecko/125.0 Firefox/125.0"
23.94.3.173 - - [01/Jun/2024:02:03:22 +0000] "POST /wp-login.php HTTP/1.1" 401 2945 "-" "Medusa v2.3"
104.236.179.97 - - [01/Jun/2024:02:03:22 +0000] "POST /user/login HTTP/1.1" 401 2353 "-" "python-requests/2.28.0"
104.236.179.97 - - [01/Jun/2024:02:03:22 +0000] "POST /wp-login.php HTTP/1.1" 401 114 "-" "-"
104.236.179.97 - - [01/Jun/2024:02:03:23 +0000] "POST /user/login HTTP/1.1" 401 3276 "-" "sqlmap/1.7.11#stable (https://sqlmap.org)"
23.94.3.173 - - [01/Jun/2024:02:03:23 +0000] "POST /user/login HTTP/1.1" 429 727 "-" "-"
104.236.179.97 - - [01/Jun/2024:02:03:23 +0000] "POST /login HTTP/1.1" 403 658 "-" "-"
198.20.69.74 - - [01/Jun/2024:02:03:24 +0000] "POST /admin HTTP/1.1" 403 3196 "-" "python-requests/2.28.0"
104.236.179.97 - - [01/Jun/2024:02:03:24 +0000] "POST /login HTTP/1.1" 401 902 "-" "python-requests/2.28.0"
45.33.32.156 - - [01/Jun/2024:02:03:24 +0000] "POST /admin/dashboard HTTP/1.1" 401 1685 "-" "python-requests/2.28.0"
185.220.101.45 - - [01/Jun/2024:02:03:24 +0000] "POST /wp-admin HTTP/1.1" 401 3537 "-" "python-requests/2.28.0"
23.94.3.173 - - [01/Jun/2024:02:03:25 +0000] "POST /user/login HTTP/1.1" 429 2464 "-" "Medusa v2.3"
45.33.32.156 - - [01/Jun/2024:02:03:25 +0000] "POST /wp-admin HTTP/1.1" 429 3704 "-" "Hydra v9.5 (www.thc.org/thc-hydra)"
104.236.179.97 - - [01/Jun/2024:02:03:25 +0000] "POST /administrator HTTP/1.1" 401 1628 "-" "Medusa v2.3"
45.33.32.156 - - [01/Jun/2024:02:03:26 +0000] "POST /login HTTP/1.1" 401 2573 "-" "sqlmap/1.7.11#stable (https://sqlmap.org)"
185.220.101.45 - - [01/Jun/2024:02:03:26 +0000] "POST /wp-login.php HTTP/1.1" 401 2239 "-" "python-requests/2.28.0"
45.33.32.156 - - [01/Jun/2024:02:03:26 +0000] "POST /admin HTTP/1.1" 401 2935 "-" "-"
23.94.3.173 - - [01/Jun/2024:02:03:27 +0000] "POST /admin HTTP/1.1" 401 261 "-" "python-requests/2.28.0"
23.94.3.173 - - [01/Jun/2024:02:03:27 +0000] "POST /login HTTP/1.1" 401 1268 "-" "sqlmap/1.7.11#stable (https://sqlmap.org)"
104.236.179.97 - - [01/Jun/2024:02:03:27 +0000] "POST /admin/dashboard HTTP/1.1" 429 2471 "-" "Medusa v2.3"
23.94.3.173 - - [01/Jun/2024:02:03:27 +0000] "POST /user/login HTTP/1.1" 403 2754 "-" "Medusa v2.3"
192.168.181.18 - - [01/Jun/2024:02:03:28 +0000] "HEAD /pricing HTTP/2.0" 401 719 "https://example.com" "Mozilla/5.0 (Windows NT 10.0; Win64; x64) AppleWebKit/537.36 (KHTML, like Gecko) Chrome/124.0.0.0 Safari/537.36"
23.94.3.173 - - [01/Jun/2024:02:03:28 +0000] "POST /login HTTP/1.1" 401 375 "-" "sqlmap/1.7.11#stable (https://sqlmap.org)"
45.33.32.156 - - [01/Jun/2024:02:03:28 +0000] "POST /login HTTP/1.1" 401 2020 "-" "sqlmap/1.7.11#stable (https://sqlmap.org)"
45.33.32.156 - - [01/Jun/2024:02:03:28 +0000] "POST /administrator HTTP/1.1" 401 823 "-" "sqlmap/1.7.11#stable (https://sqlmap.org)"
104.236.179.97 - - [01/Jun/2024:02:03:29 +0000] "POST /administrator HTTP/1.1" 403 2415 "-" "python-requests/2.28.0"
198.20.69.74 - - [01/Jun/2024:02:03:29 +0000] "POST /wp-admin HTTP/1.1" 403 2630 "-" "Hydra v9.5 (www.thc.org/thc-hydra)"
45.33.32.156 - - [01/Jun/2024:02:03:29 +0000] "POST /admin/login HTTP/1.1" 403 3727 "-" "python-requests/2.28.0"
104.236.179.97 - - [01/Jun/2024:02:03:30 +0000] "POST /user/login HTTP/1.1" 401 1987 "-" "Medusa v2.3"
198.20.69.74 - - [01/Jun/2024:02:03:30 +0000] "POST /admin/dashboard HTTP/1.1" 401 3651 "-" "python-requests/2.28.0"
104.236.179.97 - - [01/Jun/2024:02:03:30 +0000] "POST /admin/login HTTP/1.1" 401 1671 "-" "-"
104.236.179.97 - - [01/Jun/2024:02:03:30 +0000] "POST /admin/login HTTP/1.1" 401 441 "-" "python-requests/2.28.0"
104.236.179.97 - - [01/Jun/2024:02:03:31 +0000] "POST /wp-admin HTTP/1.1" 401 261 "-" "Medusa v2.3"
45.33.32.156 - - [01/Jun/2024:02:03:31 +0000] "POST /wp-admin HTTP/1.1" 401 3939 "-" "-"
198.20.69.74 - - [01/Jun/2024:02:03:31 +0000] "POST /admin/dashboard HTTP/1.1" 403 1719 "-" "-"
185.220.101.45 - - [01/Jun/2024:02:03:32 +0000] "POST /admin HTTP/1.1" 403 3788 "-" "python-requests/2.28.0"
45.33.32.156 - - [01/Jun/2024:02:03:32 +0000] "POST /administrator HTTP/1.1" 401 3240 "-" "sqlmap/1.7.11#stable (https://sqlmap.org)"
23.94.3.173 - - [01/Jun/2024:02:03:32 +0000] "POST /login HTTP/1.1" 403 2233 "-" "Medusa v2.3"
185.220.101.45 - - [01/Jun/2024:02:03:33 +0000] "POST /admin HTTP/1.1" 401 2509 "-" "-"
45.33.32.156 - - [01/Jun/2024:02:03:33 +0000] "POST /wp-admin HTTP/1.1" 429 3364 "-" "Medusa v2.3"
185.220.101.45 - - [01/Jun/2024:02:03:33 +0000] "POST /wp-login.php HTTP/1.1" 403 2860 "-" "Medusa v2.3"
23.94.3.173 - - [01/Jun/2024:02:03:33 +0000] "POST /administrator HTTP/1.1" 401 2628 "-" "-"
192.168.246.196 - - [01/Jun/2024:02:03:34 +0000] "GET /services HTTP/1.1" 200 11230 "https://example.com" "Mozilla/5.0 (iPhone; CPU iPhone OS 17_4_1 like Mac OS X) AppleWebKit/605.1.15 Mobile/15E148 Safari/604.1"
185.220.101.45 - - [01/Jun/2024:02:03:34 +0000] "POST /admin/login HTTP/1.1" 401 3232 "-" "Hydra v9.5 (www.thc.org/thc-hydra)"
104.236.179.97 - - [01/Jun/2024:02:03:34 +0000] "POST /user/login HTTP/1.1" 403 547 "-" "sqlmap/1.7.11#stable (https://sqlmap.org)"
45.33.32.156 - - [01/Jun/2024:02:03:34 +0000] "POST /login HTTP/1.1" 429 2222 "-" "Medusa v2.3"
45.33.32.156 - - [01/Jun/2024:02:03:35 +0000] "POST /wp-login.php HTTP/1.1" 401 1837 "-" "-"
185.220.101.45 - - [01/Jun/2024:02:03:35 +0000] "POST /administrator HTTP/1.1" 401 3452 "-" "Hydra v9.5 (www.thc.org/thc-hydra)"
45.33.32.156 - - [01/Jun/2024:02:03:35 +0000] "POST /admin/dashboard HTTP/1.1" 401 2827 "-" "Hydra v9.5 (www.thc.org/thc-hydra)"
45.33.32.156 - - [01/Jun/2024:02:03:36 +0000] "POST /user/login HTTP/1.1" 403 913 "-" "Medusa v2.3"
185.220.101.45 - - [01/Jun/2024:02:03:36 +0000] "POST /login HTTP/1.1" 429 705 "-" "python-requests/2.28.0"
104.236.179.97 - - [01/Jun/2024:02:03:36 +0000] "POST /user/login HTTP/1.1" 403 649 "-" "sqlmap/1.7.11#stable (https://sqlmap.org)"
104.236.179.97 - - [01/Jun/2024:02:03:36 +0000] "POST /wp-login.php HTTP/1.1" 401 771 "-" "-"
185.220.101.45 - - [01/Jun/2024:02:03:37 +0000] "POST /user/login HTTP/1.1" 429 2344 "-" "sqlmap/1.7.11#stable (https://sqlmap.org)"
185.220.101.45 - - [01/Jun/2024:02:03:37 +0000] "POST /admin HTTP/1.1" 200 53226 "-" "Medusa v2.3"
23.94.3.173 - - [01/Jun/2024:02:03:37 +0000] "POST /wp-login.php HTTP/1.1" 403 2311 "-" "Medusa v2.3"
23.94.3.173 - - [01/Jun/2024:02:03:38 +0000] "POST /login HTTP/1.1" 401 2491 "-" "Hydra v9.5 (www.thc.org/thc-hydra)"
23.94.3.173 - - [01/Jun/2024:02:03:38 +0000] "POST /user/login HTTP/1.1" 403 3863 "-" "Medusa v2.3"
23.94.3.173 - - [01/Jun/2024:02:03:38 +0000] "POST /admin/login HTTP/1.1" 401 1860 "-" "sqlmap/1.7.11#stable (https://sqlmap.org)"
23.94.3.173 - - [01/Jun/2024:02:03:39 +0000] "POST /administrator HTTP/1.1" 401 3412 "-" "Medusa v2.3"
104.236.179.97 - - [01/Jun/2024:02:03:39 +0000] "POST /admin/login HTTP/1.1" 401 3640 "-" "python-requests/2.28.0"
185.220.101.45 - - [01/Jun/2024:02:03:39 +0000] "POST /user/login HTTP/1.1" 401 2319 "-" "-"
23.94.3.173 - - [01/Jun/2024:02:03:39 +0000] "POST /administrator HTTP/1.1" 401 1449 "-" "-"
104.236.179.97 - - [01/Jun/2024:02:03:40 +0000] "POST /wp-login.php HTTP/1.1" 429 1065 "-" "Medusa v2.3"
45.33.32.156 - - [01/Jun/2024:02:03:40 +0000] "POST /admin/login HTTP/1.1" 403 2480 "-" "Hydra v9.5 (www.thc.org/thc-hydra)"
23.94.3.173 - - [01/Jun/2024:02:03:40 +0000] "POST /login HTTP/1.1" 403 4042 "-" "-"
23.94.3.173 - - [01/Jun/2024:02:03:41 +0000] "POST /user/login HTTP/1.1" 401 362 "-" "-"
198.20.69.74 - - [01/Jun/2024:02:03:41 +0000] "POST /wp-admin HTTP/1.1" 401 211 "-" "sqlmap/1.7.11#stable (https://sqlmap.org)"
198.20.69.74 - - [01/Jun/2024:02:03:41 +0000] "POST /wp-login.php HTTP/1.1" 403 2060 "-" "-"
198.20.69.74 - - [01/Jun/2024:02:03:42 +0000] "POST /administrator HTTP/1.1" 401 3872 "-" "sqlmap/1.7.11#stable (https://sqlmap.org)"
104.236.179.97 - - [01/Jun/2024:02:03:42 +0000] "POST /admin/dashboard HTTP/1.1" 401 641 "-" "Hydra v9.5 (www.thc.org/thc-hydra)"
45.33.32.156 - - [01/Jun/2024:02:03:42 +0000] "POST /user/login HTTP/1.1" 401 1815 "-" "Medusa v2.3"
185.220.101.45 - - [01/Jun/2024:02:03:42 +0000] "POST /login HTTP/1.1" 200 63937 "-" "Hydra v9.5 (www.thc.org/thc-hydra)"
45.33.32.156 - - [01/Jun/2024:02:03:43 +0000] "POST /admin/login HTTP/1.1" 403 1941 "-" "Medusa v2.3"
198.20.69.74 - - [01/Jun/2024:02:03:43 +0000] "POST /wp-admin HTTP/1.1" 403 4033 "-" "Hydra v9.5 (www.thc.org/thc-hydra)"
23.94.3.173 - - [01/Jun/2024:02:03:43 +0000] "POST /admin/dashboard HTTP/1.1" 403 763 "-" "Medusa v2.3"
192.168.167.180 - - [01/Jun/2024:02:03:44 +0000] "GET /static/main.css HTTP/2.0" 200 7884 "https://google.com" "Mozilla/5.0 (Windows NT 10.0; Win64; x64) AppleWebKit/537.36 (KHTML, like Gecko) Chrome/124.0.0.0 Safari/537.36"
104.236.179.97 - - [01/Jun/2024:02:03:44 +0000] "POST /administrator HTTP/1.1" 401 3629 "-" "sqlmap/1.7.11#stable (https://sqlmap.org)"
45.33.32.156 - - [01/Jun/2024:02:03:44 +0000] "POST /admin HTTP/1.1" 401 2961 "-" "sqlmap/1.7.11#stable (https://sqlmap.org)"
23.94.3.173 - - [01/Jun/2024:02:03:44 +0000] "POST /admin/login HTTP/1.1" 401 2099 "-" "-"
45.33.32.156 - - [01/Jun/2024:02:03:45 +0000] "POST /admin/dashboard HTTP/1.1" 401 2954 "-" "Medusa v2.3"
104.236.179.97 - - [01/Jun/2024:02:03:45 +0000] "POST /administrator HTTP/1.1" 401 1642 "-" "Hydra v9.5 (www.thc.org/thc-hydra)"
104.236.179.97 - - [01/Jun/2024:02:03:45 +0000] "POST /wp-login.php HTTP/1.1" 401 3909 "-" "sqlmap/1.7.11#stable (https://sqlmap.org)"
198.20.69.74 - - [01/Jun/2024:02:03:45 +0000] "POST /admin/login HTTP/1.1" 401 411 "-" "Hydra v9.5 (www.thc.org/thc-hydra)"
185.220.101.45 - - [01/Jun/2024:02:03:46 +0000] "POST /admin/dashboard HTTP/1.1" 401 269 "-" "Medusa v2.3"
185.220.101.45 - - [01/Jun/2024:02:03:46 +0000] "POST /wp-login.php HTTP/1.1" 401 2154 "-" "Hydra v9.5 (www.thc.org/thc-hydra)"
185.220.101.45 - - [01/Jun/2024:02:03:46 +0000] "POST /user/login HTTP/1.1" 429 1444 "-" "Hydra v9.5 (www.thc.org/thc-hydra)"
45.33.32.156 - - [01/Jun/2024:02:03:47 +0000] "POST /wp-admin HTTP/1.1" 403 786 "-" "-"
185.220.101.45 - - [01/Jun/2024:02:03:47 +0000] "POST /user/login HTTP/1.1" 401 3104 "-" "Hydra v9.5 (www.thc.org/thc-hydra)"
198.20.69.74 - - [01/Jun/2024:02:03:47 +0000] "POST /login HTTP/1.1" 401 1871 "-" "python-requests/2.28.0"
185.220.101.45 - - [01/Jun/2024:02:03:48 +0000] "POST /wp-login.php HTTP/1.1" 401 1912 "-" "python-requests/2.28.0"
185.220.101.45 - - [01/Jun/2024:02:03:48 +0000] "POST /admin/dashboard HTTP/1.1" 429 2977 "-" "Medusa v2.3"
198.20.69.74 - - [01/Jun/2024:02:03:48 +0000] "POST /user/login HTTP/1.1" 403 219 "-" "Hydra v9.5 (www.thc.org/thc-hydra)"
198.20.69.74 - - [01/Jun/2024:02:03:48 +0000] "POST /user/login HTTP/1.1" 401 1027 "-" "Medusa v2.3"
192.168.21.219 - - [01/Jun/2024:02:03:49 +0000] "GET /faq HTTP/1.1" 403 3171 "https://bing.com" "Mozilla/5.0 (Android 14; Mobile; rv:125.0) Gecko/125.0 Firefox/125.0"
23.94.3.173 - - [01/Jun/2024:02:03:49 +0000] "POST /login HTTP/1.1" 401 2827 "-" "-"
198.20.69.74 - - [01/Jun/2024:02:03:49 +0000] "POST /wp-login.php HTTP/1.1" 403 1521 "-" "Medusa v2.3"
23.94.3.173 - - [01/Jun/2024:02:03:49 +0000] "POST /admin/dashboard HTTP/1.1" 401 4007 "-" "Hydra v9.5 (www.thc.org/thc-hydra)"
23.94.3.173 - - [01/Jun/2024:02:03:50 +0000] "POST /login HTTP/1.1" 401 1454 "-" "Hydra v9.5 (www.thc.org/thc-hydra)"
104.236.179.97 - - [01/Jun/2024:02:03:50 +0000] "POST /user/login HTTP/1.1" 401 3956 "-" "Hydra v9.5 (www.thc.org/thc-hydra)"
23.94.3.173 - - [01/Jun/2024:02:03:50 +0000] "POST /admin/login HTTP/1.1" 401 1510 "-" "python-requests/2.28.0"
45.33.32.156 - - [01/Jun/2024:02:03:51 +0000] "POST /admin/login HTTP/1.1" 403 271 "-" "Hydra v9.5 (www.thc.org/thc-hydra)"
104.236.179.97 - - [01/Jun/2024:02:03:51 +0000] "POST /wp-login.php HTTP/1.1" 429 2234 "-" "-"
198.20.69.74 - - [01/Jun/2024:02:03:51 +0000] "POST /user/login HTTP/1.1" 429 1976 "-" "sqlmap/1.7.11#stable (https://sqlmap.org)"
104.236.179.97 - - [01/Jun/2024:02:03:51 +0000] "POST /admin/dashboard HTTP/1.1" 401 2385 "-" "-"
45.33.32.156 - - [01/Jun/2024:02:03:52 +0000] "POST /admin/dashboard HTTP/1.1" 403 3639 "-" "Medusa v2.3"
23.94.3.173 - - [01/Jun/2024:02:03:52 +0000] "POST /user/login HTTP/1.1" 401 1701 "-" "Medusa v2.3"
23.94.3.173 - - [01/Jun/2024:02:03:52 +0000] "POST /wp-login.php HTTP/1.1" 429 1240 "-" "-"
104.236.179.97 - - [01/Jun/2024:02:03:53 +0000] "POST /admin/dashboard HTTP/1.1" 401 1034 "-" "Hydra v9.5 (www.thc.org/thc-hydra)"
198.20.69.74 - - [01/Jun/2024:02:03:53 +0000] "POST /admin HTTP/1.1" 429 767 "-" "Medusa v2.3"
